====== PSD+AGG vs HC — na-hard-easy ======

============================================================
  PSD+AGG vs HC  |  fNIRS beta-coefficient analysis
============================================================
  Input : lrv-con_na-hard-easy_allchannels.csv
  Groups: PSD+AGG (n=76)  vs  HC (n=85)
  Covariates : wais_matrix, sud
  Targets    : 16  (Ch1, Ch2, Ch3, Ch4, Ch5, Ch6, Ch7, Ch8, Ch9, Ch10, Ch11, Ch12, Ch13, Ch14, Ch15, Ch16)
  Alpha (FDR): 0.05
============================================================

── Descriptive statistics (covariates) ──
        wais_matrix         sud      
               mean   std  mean   std
group                                
HC            11.91  2.92  0.06  0.24
PSD+AGG        7.64  3.27  0.72  0.45


── Permutation tests  (5,000 perms, n=161 complete cases) ──
  Cluster-forming |t| threshold: 1.975
  Cluster 1: [Ch3]  mass=2.763  p=0.0078  ✓
  Cluster 2: [Ch6, Ch7]  mass=4.843  p=0.0034  ✓
  Cluster 3: [Ch9, Ch10, Ch11, Ch12, Ch13, Ch14, Ch15, Ch16]  mass=1.283  p=0.0452  ✓

── Per-channel results (ANCOVA — all corrections) ──
  channel  n_pos  n_neg       beta  p_raw  p_FDR sig_FDR p_Hoch sig_Hoch p_Homm sig_Homm p_Pmax sig_Pmax p_Clust sig_Clust cohens_d
 channel1     76     85  9.054e-05 0.8794 0.8794     --- 0.8794      --- 0.8794      --- 1.0000      ---  1.0000       ---    0.088
 channel2     76     85  5.937e-04 0.2227 0.2545     --- 0.6681      --- 0.6681      --- 0.8800      ---  1.0000       ---    0.157
 channel3     76     85  8.058e-04 0.0064 0.0175     YES 0.0787      --- 0.0577      --- 0.0006      YES  0.0078       YES    0.146
 channel4     76     85  5.385e-04 0.1398 0.1864     --- 0.6681      --- 0.4454      --- 0.5274      ---  1.0000       ---    0.101
 channel5     76     85 -8.600e-05 0.8227 0.8776     --- 0.8794      --- 0.8794      --- 1.0000      ---  1.0000       ---    0.033
 channel6     76     85  1.218e-03 0.0322 0.0515     --- 0.2251      --- 0.1929      --- 0.0146      YES  0.0034       YES    0.154
 channel7     76     85  1.270e-03 0.0081 0.0175     YES 0.0787      --- 0.0730      --- 0.0006      YES  0.0034       YES    0.213
 channel8     76     85  6.649e-04 0.1976 0.2432     --- 0.6681      --- 0.5927      --- 0.8064      ---  1.0000       ---    0.108
 channel9     76     85 -2.528e-03 0.0083 0.0175     YES 0.0787      --- 0.0743      --- 0.0006      YES  0.0452       YES   -0.132
channel10     76     85 -3.611e-03 0.0053 0.0175     YES 0.0744      --- 0.0478      YES 0.0004      YES  0.0452       YES   -0.152
channel11     76     85 -1.505e-03 0.0432 0.0629     --- 0.2593      --- 0.2593      --- 0.0312      YES  0.0452       YES   -0.076
channel12     76     85 -2.171e-03 0.0189 0.0335     YES 0.1509      --- 0.1321      --- 0.0030      YES  0.0452       YES   -0.115
channel13     76     85  1.062e-03 0.0080 0.0175     YES 0.0787      --- 0.0722      --- 0.0006      YES  0.0452       YES    0.180
channel14     76     85  1.292e-03 0.0087 0.0175     YES 0.0787      --- 0.0787      --- 0.0008      YES  0.0452       YES    0.144
channel15     76     85  7.513e-04 0.0047 0.0175     YES 0.0711      --- 0.0437      YES 0.0004      YES  0.0452       YES    0.139
channel16     76     85  1.532e-03 0.0032 0.0175     YES 0.0517      --- 0.0323      YES 0.0000      YES  0.0452       YES    0.135

── Per-channel results (Mann-Whitney — all three corrections) ──
  channel  p_raw p_FDR-BH sig_FDR p_Hochberg sig_Hoch p_Hommel sig_Homm   rb_r
 channel1 0.9662   0.9662     ---     0.9662      ---   0.9662      --- -0.004
 channel2 0.3943   0.5736     ---     0.9662      ---   0.9662      --- -0.078
 channel3 0.6970   0.7965     ---     0.9662      ---   0.9662      ---  0.036
 channel4 0.1416   0.4531     ---     0.9662      ---   0.9662      ---  0.135
 channel5 0.2976   0.4761     ---     0.9662      ---   0.9662      ---  0.095
 channel6 0.0750   0.3001     ---     0.9662      ---   0.7439      ---  0.163
 channel7 0.5831   0.7207     ---     0.9662      ---   0.9662      --- -0.050
 channel8 0.2622   0.4661     ---     0.9662      ---   0.9662      ---  0.103
 channel9 0.2509   0.4661     ---     0.9662      ---   0.9662      ---  0.105
channel10 0.0250   0.1997     ---     0.3744      ---   0.3744      ---  0.205
channel11 0.2083   0.4661     ---     0.9662      ---   0.9662      ---  0.115
channel12 0.0031   0.0492     YES     0.0492      YES   0.0492      YES  0.271
channel13 0.8789   0.9375     ---     0.9662      ---   0.9662      ---  0.014
channel14 0.0503   0.2683     ---     0.7043      ---   0.5951      ---  0.179
channel15 0.5856   0.7207     ---     0.9662      ---   0.9662      ---  0.050
channel16 0.2280   0.4661     ---     0.9662      ---   0.9662      ---  0.110

[✓] Results saved → results_psd_agg_vs_hc_na_hard_easy/results_psd_agg_vs_hc_na_hard_easy.csv
[✓] Figures saved → results_psd_agg_vs_hc_na_hard_easy/figures/

── Interaction analysis: PSD+AGG vs HC ──
   Model : channel ~ C(group) × (wais_matrix + sud)
   FDR-BH correction across 16 targets per interaction term

  group × WAIS_MATRIX  ← significant channels found
  channel       beta     t  p_raw  p_FDR   sig
 channel1 -2.367e-04 -1.84 0.0674 0.1347   ---
 channel2 -7.841e-05 -0.74 0.4582 0.6110   ---
 channel3  1.301e-04  2.09 0.0385 0.1026   ---
 channel4 -5.136e-05 -0.65 0.5156 0.6346   ---
 channel5 -1.539e-04 -1.86 0.0644 0.1347   ---
 channel6  2.237e-05  0.18 0.8552 0.8552   ---
 channel7  3.790e-05  0.37 0.7131 0.7909   ---
 channel8 -3.697e-05 -0.33 0.7415 0.7909   ---
 channel9 -5.622e-04 -2.81 0.0056 0.0298 YES ✓
channel10 -8.002e-04 -2.97 0.0035 0.0298 YES ✓
channel11 -4.235e-04 -2.70 0.0078 0.0311 YES ✓
channel12 -5.670e-04 -2.93 0.0039 0.0298 YES ✓
channel13  1.211e-04  1.42 0.1567 0.2425   ---
channel14  1.455e-04  1.39 0.1667 0.2425   ---
channel15  8.271e-05  1.47 0.1446 0.2425   ---
channel16  2.501e-04  2.29 0.0231 0.0739   ---

  group × SUD  
  channel       beta     t  p_raw  p_FDR sig
 channel1 -2.132e-04 -0.16 0.8721 0.9302 ---
 channel2 -6.499e-04 -0.60 0.5500 0.7055 ---
 channel3 -7.497e-04 -1.17 0.2441 0.6238 ---
 channel4 -6.993e-04 -0.86 0.3899 0.6238 ---
 channel5  7.432e-05  0.09 0.9304 0.9304 ---
 channel6 -1.224e-03 -0.97 0.3324 0.6238 ---
 channel7 -1.048e-03 -0.99 0.3238 0.6238 ---
 channel8 -6.498e-04 -0.56 0.5732 0.7055 ---
 channel9  1.865e-03  0.91 0.3661 0.6238 ---
channel10  2.457e-03  0.89 0.3772 0.6238 ---
channel11  7.889e-04  0.49 0.6261 0.7156 ---
channel12  1.236e-03  0.62 0.5358 0.7055 ---
channel13 -1.153e-03 -1.32 0.1898 0.6238 ---
channel14 -1.443e-03 -1.34 0.1825 0.6238 ---
channel15 -7.312e-04 -1.26 0.2096 0.6238 ---
channel16 -1.473e-03 -1.31 0.1909 0.6238 ---

[✓] Interaction results saved → results_psd_agg_vs_hc_na_hard_easy/results_psd_agg_vs_hc_na_hard_easy_interactions.csv


====== PSD+AGG vs HC — na-corsi ======

============================================================
  PSD+AGG vs HC  |  fNIRS beta-coefficient analysis
============================================================
  Input : lrv-con_na-corsi_allchannels.csv
  Groups: PSD+AGG (n=76)  vs  HC (n=85)
  Covariates : wais_matrix, sud
  Targets    : 16  (Ch1, Ch2, Ch3, Ch4, Ch5, Ch6, Ch7, Ch8, Ch9, Ch10, Ch11, Ch12, Ch13, Ch14, Ch15, Ch16)
  Alpha (FDR): 0.05
============================================================

── Descriptive statistics (covariates) ──
        wais_matrix         sud      
               mean   std  mean   std
group                                
HC            11.91  2.92  0.06  0.24
PSD+AGG        7.64  3.27  0.72  0.45


── Permutation tests  (5,000 perms, n=161 complete cases) ──
  No clusters above |t|=1.975 threshold.

── Per-channel results (ANCOVA — all corrections) ──
  channel  n_pos  n_neg       beta  p_raw  p_FDR sig_FDR p_Hoch sig_Hoch p_Homm sig_Homm p_Pmax sig_Pmax p_Clust sig_Clust cohens_d
 channel1     76     85  4.394e-04 0.1823 0.7693     --- 0.9961      --- 0.9961      --- 0.7230      ---  1.0000       ---    0.082
 channel2     76     85  3.264e-04 0.2443 0.7693     --- 0.9961      --- 0.9961      --- 0.8508      ---  1.0000       ---    0.146
 channel3     76     85 -1.064e-04 0.4722 0.8473     --- 0.9961      --- 0.9961      --- 0.9958      ---  1.0000       ---   -0.116
 channel4     76     85  6.243e-05 0.7800 0.8914     --- 0.9961      --- 0.9961      --- 1.0000      ---  1.0000       ---   -0.041
 channel5     76     85 -1.126e-06 0.9961 0.9961     --- 0.9961      --- 0.9961      --- 1.0000      ---  1.0000       ---   -0.025
 channel6     76     85 -1.338e-04 0.6464 0.8473     --- 0.9961      --- 0.9961      --- 1.0000      ---  1.0000       ---   -0.090
 channel7     76     85  1.035e-04 0.6884 0.8473     --- 0.9961      --- 0.9961      --- 1.0000      ---  1.0000       ---    0.024
 channel8     76     85  1.530e-04 0.6001 0.8473     --- 0.9961      --- 0.9961      --- 0.9998      ---  1.0000       ---    0.031
 channel9     76     85  2.974e-04 0.1933 0.7693     --- 0.9961      --- 0.9961      --- 0.7486      ---  1.0000       ---    0.023
channel10     76     85  4.783e-04 0.0981 0.7693     --- 0.9961      --- 0.9750      --- 0.4262      ---  1.0000       ---   -0.005
channel11     76     85  2.688e-04 0.3285 0.7693     --- 0.9961      --- 0.9961      --- 0.9516      ---  1.0000       ---    0.046
channel12     76     85  2.726e-04 0.3366 0.7693     --- 0.9961      --- 0.9961      --- 0.9582      ---  1.0000       ---    0.011
channel13     76     85 -8.723e-05 0.6454 0.8473     --- 0.9961      --- 0.9961      --- 1.0000      ---  1.0000       ---    0.006
channel14     76     85 -1.010e-04 0.6375 0.8473     --- 0.9961      --- 0.9961      --- 1.0000      ---  1.0000       ---   -0.034
channel15     76     85 -1.697e-05 0.9096 0.9703     --- 0.9961      --- 0.9961      --- 1.0000      ---  1.0000       ---   -0.024
channel16     76     85 -1.798e-04 0.2774 0.7693     --- 0.9961      --- 0.9961      --- 0.9024      ---  1.0000       ---   -0.137

── Per-channel results (Mann-Whitney — all three corrections) ──
  channel  p_raw p_FDR-BH sig_FDR p_Hochberg sig_Hoch p_Hommel sig_Homm   rb_r
 channel1 0.6008   0.6378     ---     0.6378      ---   0.6378      ---  0.048
 channel2 0.6378   0.6378     ---     0.6378      ---   0.6378      --- -0.043
 channel3 0.1030   0.2747     ---     0.6378      ---   0.6180      ---  0.149
 channel4 0.0967   0.2747     ---     0.6378      ---   0.6161      ---  0.152
 channel5 0.1538   0.3516     ---     0.6378      ---   0.6378      ---  0.130
 channel6 0.0007   0.0105     YES     0.0105      YES   0.0105      YES  0.312
 channel7 0.2852   0.3802     ---     0.6378      ---   0.6378      ---  0.098
 channel8 0.0504   0.2017     ---     0.6378      ---   0.4753      ---  0.179
 channel9 0.2488   0.3802     ---     0.6378      ---   0.6378      ---  0.106
channel10 0.0037   0.0296     YES     0.0555      ---   0.0555      ---  0.265
channel11 0.2234   0.3802     ---     0.6378      ---   0.6378      ---  0.111
channel12 0.0405   0.2017     ---     0.5665      ---   0.4451      ---  0.187
channel13 0.2299   0.3802     ---     0.6378      ---   0.6378      ---  0.110
channel14 0.2740   0.3802     ---     0.6378      ---   0.6378      ---  0.100
channel15 0.4400   0.5029     ---     0.6378      ---   0.6378      ---  0.071
channel16 0.4039   0.4971     ---     0.6378      ---   0.6378      ---  0.076

[✓] Results saved → results_psd_agg_vs_hc_na_corsi/results_psd_agg_vs_hc_na_corsi.csv
[✓] Figures saved → results_psd_agg_vs_hc_na_corsi/figures/

── Interaction analysis: PSD+AGG vs HC ──
   Model : channel ~ C(group) × (wais_matrix + sud)
   FDR-BH correction across 16 targets per interaction term

  group × WAIS_MATRIX  
  channel       beta     t  p_raw  p_FDR sig
 channel1 -5.170e-05 -0.72 0.4698 0.7676 ---
 channel2 -3.408e-05 -0.56 0.5757 0.7676 ---
 channel3  4.456e-07  0.01 0.9890 0.9890 ---
 channel4 -5.314e-05 -1.10 0.2738 0.7676 ---
 channel5 -9.233e-05 -1.86 0.0650 0.5826 ---
 channel6 -9.346e-05 -1.48 0.1399 0.7461 ---
 channel7 -1.003e-04 -1.81 0.0728 0.5826 ---
 channel8 -7.519e-05 -1.19 0.2361 0.7676 ---
 channel9  3.511e-05  0.71 0.4790 0.7676 ---
channel10  2.214e-05  0.35 0.7231 0.8899 ---
channel11  3.317e-06  0.06 0.9557 0.9890 ---
channel12 -8.587e-06 -0.14 0.8888 0.9890 ---
channel13 -2.628e-05 -0.64 0.5241 0.7676 ---
channel14 -2.821e-05 -0.61 0.5446 0.7676 ---
channel15 -2.400e-05 -0.74 0.4609 0.7676 ---
channel16 -3.555e-05 -0.99 0.3228 0.7676 ---

  group × SUD  
  channel       beta     t  p_raw  p_FDR sig
 channel1 -3.318e-04 -0.45 0.6519 0.9589 ---
 channel2 -3.683e-04 -0.59 0.5566 0.9589 ---
 channel3  3.241e-05  0.10 0.9221 0.9661 ---
 channel4 -3.719e-04 -0.75 0.4562 0.9589 ---
 channel5  2.049e-04  0.40 0.6890 0.9589 ---
 channel6 -1.440e-04 -0.22 0.8244 0.9661 ---
 channel7  2.434e-05  0.04 0.9661 0.9661 ---
 channel8 -1.185e-04 -0.18 0.8556 0.9661 ---
 channel9 -3.000e-04 -0.59 0.5564 0.9589 ---
channel10 -7.197e-04 -1.12 0.2637 0.9589 ---
channel11 -5.920e-04 -0.97 0.3358 0.9589 ---
channel12 -8.293e-04 -1.31 0.1905 0.9589 ---
channel13 -2.027e-04 -0.48 0.6328 0.9589 ---
channel14 -4.087e-04 -0.85 0.3939 0.9589 ---
channel15 -2.177e-04 -0.65 0.5154 0.9589 ---
channel16 -1.328e-04 -0.36 0.7192 0.9589 ---

[✓] Interaction results saved → results_psd_agg_vs_hc_na_corsi/results_psd_agg_vs_hc_na_corsi_interactions.csv


====== PSD+AGG vs PSD-AGG — na-hard-easy ======

============================================================
  PSD+AGG vs PSD-AGG  |  fNIRS beta-coefficient analysis
============================================================
  Input : lrv-pcon_na-hard-easy_allchannels.csv
  Groups: PSD+AGG (n=76)  vs  PSD-AGG (n=66)
  Covariates : wais_matrix, sud, dose
  Targets    : 16  (Ch1, Ch2, Ch3, Ch4, Ch5, Ch6, Ch7, Ch8, Ch9, Ch10, Ch11, Ch12, Ch13, Ch14, Ch15, Ch16)
  Alpha (FDR): 0.05
============================================================

── Descriptive statistics (covariates) ──
        wais_matrix         sud         dose       
               mean   std  mean   std   mean    std
group                                              
PSD+AGG        7.64  3.27  0.72  0.45  13.80  11.60
PSD-AGG        9.41  4.12  0.29  0.46   8.36   8.19


── Permutation tests  (5,000 perms, n=142 complete cases) ──
  Cluster-forming |t| threshold: 1.977
  Cluster 1: [Ch7]  mass=2.000  p=0.1228  —
  Cluster 2: [Ch9, Ch10, Ch11, Ch12]  mass=-8.882  p=0.0002  ✓

── Per-channel results (ANCOVA — all corrections) ──
  channel  n_pos  n_neg       beta  p_raw  p_FDR sig_FDR p_Hoch sig_Hoch p_Homm sig_Homm p_Pmax sig_Pmax p_Clust sig_Clust cohens_d
 channel1     76     66 -2.658e-04 0.1037 0.1276     --- 0.4146      --- 0.3810      --- 0.3632      ---  1.0000       ---   -0.099
 channel2     76     66  5.275e-05 0.5622 0.5622     --- 0.5622      --- 0.5622      --- 1.0000      ---  1.0000       ---    0.076
 channel3     76     66  4.253e-04 0.0692 0.1108     --- 0.4146      --- 0.2769      --- 0.2126      ---  1.0000       ---    0.156
 channel4     76     66  7.493e-05 0.4771 0.5089     --- 0.5622      --- 0.5622      --- 0.9994      ---  1.0000       ---   -0.009
 channel5     76     66 -2.450e-04 0.0636 0.1108     --- 0.4146      --- 0.2591      --- 0.1886      ---  1.0000       ---   -0.157
 channel6     76     66  4.054e-04 0.0894 0.1231     --- 0.4146      --- 0.3577      --- 0.3010      ---  1.0000       ---    0.095
 channel7     76     66  4.460e-04 0.0475 0.1108     --- 0.4146      --- 0.2373      --- 0.1230      ---  0.1228       ---    0.139
 channel8     76     66  1.287e-04 0.1905 0.2177     --- 0.5622      --- 0.5622      --- 0.7204      ---  1.0000       ---    0.035
 channel9     76     66 -1.605e-03 0.0397 0.1108     --- 0.4146      --- 0.2073      --- 0.0946      ---  0.0002       YES   -0.157
channel10     76     66 -2.379e-03 0.0249 0.1108     --- 0.3729      --- 0.1740      --- 0.0510      ---  0.0002       YES   -0.187
channel11     76     66 -1.143e-03 0.0267 0.1108     --- 0.3732      --- 0.1814      --- 0.0552      ---  0.0002       YES   -0.193
channel12     76     66 -1.562e-03 0.0232 0.1108     --- 0.3711      --- 0.1659      --- 0.0474      YES  0.0002       YES   -0.202
channel13     76     66  4.947e-04 0.0542 0.1108     --- 0.4146      --- 0.2591      --- 0.1504      ---  1.0000       ---    0.165
channel14     76     66  5.422e-04 0.0923 0.1231     --- 0.4146      --- 0.3693      --- 0.3156      ---  1.0000       ---    0.107
channel15     76     66  3.374e-04 0.0562 0.1108     --- 0.4146      --- 0.2591      --- 0.1586      ---  1.0000       ---    0.122
channel16     76     66  7.841e-04 0.0647 0.1108     --- 0.4146      --- 0.2591      --- 0.1938      ---  1.0000       ---    0.121

── Per-channel results (Mann-Whitney — all three corrections) ──
  channel  p_raw p_FDR-BH sig_FDR p_Hochberg sig_Hoch p_Hommel sig_Homm   rb_r
 channel1 0.6322   0.8813     ---     0.8813      ---   0.8813      --- -0.047
 channel2 0.8813   0.8813     ---     0.8813      ---   0.8813      ---  0.015
 channel3 0.8379   0.8813     ---     0.8813      ---   0.8813      --- -0.020
 channel4 0.2622   0.8813     ---     0.8813      ---   0.8813      ---  0.109
 channel5 0.6029   0.8813     ---     0.8813      ---   0.8813      ---  0.051
 channel6 0.4367   0.8813     ---     0.8813      ---   0.8813      ---  0.076
 channel7 0.6881   0.8813     ---     0.8813      ---   0.8813      ---  0.039
 channel8 0.5473   0.8813     ---     0.8813      ---   0.8813      ---  0.059
 channel9 0.8172   0.8813     ---     0.8813      ---   0.8813      ---  0.023
channel10 0.0138   0.1101     ---     0.2065      ---   0.2065      ---  0.240
channel11 0.1475   0.7866     ---     0.8813      ---   0.8813      ---  0.141
channel12 0.0054   0.0868     ---     0.0868      ---   0.0868      ---  0.271
channel13 0.7036   0.8813     ---     0.8813      ---   0.8813      --- -0.037
channel14 0.4715   0.8813     ---     0.8813      ---   0.8813      ---  0.070
channel15 0.7342   0.8813     ---     0.8813      ---   0.8813      ---  0.033
channel16 0.3573   0.8813     ---     0.8813      ---   0.8813      ---  0.090

[✓] Results saved → results_psd_agg_vs_psd_nagg_na_hard_easy/results_psd_agg_vs_psd_nagg_na_hard_easy.csv
[✓] Figures saved → results_psd_agg_vs_psd_nagg_na_hard_easy/figures/

── Interaction analysis: PSD+AGG vs PSD-AGG ──
   Model : channel ~ C(group) × (wais_matrix + sud + dose)
   FDR-BH correction across 16 targets per interaction term

  group × WAIS_MATRIX  ← significant channels found
  channel       beta     t  p_raw  p_FDR   sig
 channel1 -6.357e-05 -1.60 0.1116 0.1116   ---
 channel2  6.332e-05  2.90 0.0044 0.0074 YES ✓
 channel3  1.670e-04  3.03 0.0029 0.0074 YES ✓
 channel4  7.233e-05  2.88 0.0046 0.0074 YES ✓
 channel5 -5.687e-05 -1.78 0.0770 0.0821   ---
 channel6  1.629e-04  2.89 0.0045 0.0074 YES ✓
 channel7  1.568e-04  2.97 0.0035 0.0074 YES ✓
 channel8  8.633e-05  3.75 0.0003 0.0041 YES ✓
 channel9 -4.882e-04 -2.64 0.0094 0.0107 YES ✓
channel10 -6.789e-04 -2.71 0.0076 0.0094 YES ✓
channel11 -3.314e-04 -2.72 0.0075 0.0094 YES ✓
channel12 -4.490e-04 -2.76 0.0065 0.0094 YES ✓
channel13  1.894e-04  3.15 0.0020 0.0074 YES ✓
channel14  2.372e-04  3.13 0.0022 0.0074 YES ✓
channel15  1.457e-04  3.55 0.0005 0.0043 YES ✓
channel16  3.011e-04  3.00 0.0032 0.0074 YES ✓

  group × SUD  
  channel       beta     t  p_raw  p_FDR sig
 channel1  3.333e-04  1.04 0.3015 0.3711 ---
 channel2 -1.025e-04 -0.58 0.5632 0.5632 ---
 channel3 -6.035e-04 -1.35 0.1781 0.3677 ---
 channel4 -2.225e-04 -1.09 0.2758 0.3677 ---
 channel5  2.133e-04  0.83 0.4106 0.4380 ---
 channel6 -6.358e-04 -1.39 0.1659 0.3677 ---
 channel7 -8.176e-04 -1.91 0.0578 0.3677 ---
 channel8 -1.614e-04 -0.87 0.3875 0.4380 ---
 channel9  1.808e-03  1.21 0.2300 0.3677 ---
channel10  2.583e-03  1.27 0.2052 0.3677 ---
channel11  1.123e-03  1.14 0.2578 0.3677 ---
channel12  1.558e-03  1.18 0.2384 0.3677 ---
channel13 -7.605e-04 -1.56 0.1212 0.3677 ---
channel14 -9.564e-04 -1.56 0.1217 0.3677 ---
channel15 -6.016e-04 -1.81 0.0728 0.3677 ---
channel16 -1.121e-03 -1.38 0.1695 0.3677 ---

  group × DOSE  
  channel       beta     t  p_raw  p_FDR sig
 channel1  3.629e-06  0.23 0.8222 0.8934 ---
 channel2  2.386e-06  0.27 0.7883 0.8934 ---
 channel3 -1.451e-05 -0.65 0.5172 0.8934 ---
 channel4 -4.926e-06 -0.48 0.6297 0.8934 ---
 channel5  9.557e-06  0.74 0.4619 0.8934 ---
 channel6 -1.432e-05 -0.63 0.5325 0.8934 ---
 channel7 -5.371e-06 -0.25 0.8024 0.8934 ---
 channel8 -1.991e-06 -0.21 0.8314 0.8934 ---
 channel9  4.312e-05  0.57 0.5673 0.8934 ---
channel10  6.510e-05  0.64 0.5233 0.8934 ---
channel11  3.345e-05  0.68 0.5007 0.8934 ---
channel12  4.449e-05  0.67 0.5012 0.8934 ---
channel13 -1.163e-05 -0.48 0.6351 0.8934 ---
channel14 -5.519e-06 -0.18 0.8580 0.8934 ---
channel15  2.239e-06  0.13 0.8934 0.8934 ---
channel16 -9.952e-06 -0.24 0.8071 0.8934 ---

[✓] Interaction results saved → results_psd_agg_vs_psd_nagg_na_hard_easy/results_psd_agg_vs_psd_nagg_na_hard_easy_interactions.csv


====== PSD+AGG vs PSD-AGG — na-corsi ======

============================================================
  PSD+AGG vs PSD-AGG  |  fNIRS beta-coefficient analysis
============================================================
  Input : lrv-pcon_na-corsi_allchannels.csv
  Groups: PSD+AGG (n=76)  vs  PSD-AGG (n=66)
  Covariates : wais_matrix, sud, dose
  Targets    : 16  (Ch1, Ch2, Ch3, Ch4, Ch5, Ch6, Ch7, Ch8, Ch9, Ch10, Ch11, Ch12, Ch13, Ch14, Ch15, Ch16)
  Alpha (FDR): 0.05
============================================================

── Descriptive statistics (covariates) ──
        wais_matrix         sud         dose       
               mean   std  mean   std   mean    std
group                                              
PSD+AGG        7.64  3.27  0.72  0.45  13.80  11.60
PSD-AGG        9.41  4.12  0.29  0.46   8.36   8.19


── Permutation tests  (5,000 perms, n=142 complete cases) ──
  Cluster-forming |t| threshold: 1.977
  Cluster 1: [Ch1]  mass=2.057  p=0.3310  —

── Per-channel results (ANCOVA — all corrections) ──
  channel  n_pos  n_neg       beta  p_raw  p_FDR sig_FDR p_Hoch sig_Hoch p_Homm sig_Homm p_Pmax sig_Pmax p_Clust sig_Clust cohens_d
 channel1     76     66  2.270e-04 0.0416 0.6656     --- 0.6656      --- 0.6656      --- 0.3298      ---  0.3310       ---    0.270
 channel2     76     66  4.111e-05 0.6670 0.8664     --- 0.9676      --- 0.9676      --- 1.0000      ---  1.0000       ---    0.077
 channel3     76     66 -3.894e-05 0.6944 0.8664     --- 0.9676      --- 0.9676      --- 1.0000      ---  1.0000       ---   -0.013
 channel4     76     66  1.858e-05 0.8400 0.9195     --- 0.9676      --- 0.9676      --- 1.0000      ---  1.0000       ---    0.065
 channel5     76     66 -6.327e-05 0.4987 0.8115     --- 0.9676      --- 0.9676      --- 0.9996      ---  1.0000       ---   -0.020
 channel6     76     66 -7.976e-05 0.3938 0.7877     --- 0.9676      --- 0.9676      --- 0.9940      ---  1.0000       ---   -0.043
 channel7     76     66 -3.981e-05 0.7040 0.8664     --- 0.9676      --- 0.9676      --- 1.0000      ---  1.0000       ---    0.017
 channel8     76     66 -3.530e-06 0.9676 0.9676     --- 0.9676      --- 0.9676      --- 1.0000      ---  1.0000       ---   -0.026
 channel9     76     66  1.787e-04 0.1545 0.6719     --- 0.9676      --- 0.9676      --- 0.8090      ---  1.0000       ---    0.177
channel10     76     66  2.084e-04 0.2100 0.6719     --- 0.9676      --- 0.9676      --- 0.9046      ---  1.0000       ---    0.052
channel11     76     66  9.343e-05 0.3696 0.7877     --- 0.9676      --- 0.9676      --- 0.9920      ---  1.0000       ---    0.031
channel12     76     66  1.206e-04 0.2843 0.7582     --- 0.9676      --- 0.9676      --- 0.9646      ---  1.0000       ---    0.038
channel13     76     66 -6.092e-05 0.5072 0.8115     --- 0.9676      --- 0.9676      --- 0.9996      ---  1.0000       ---   -0.026
channel14     76     66 -1.252e-04 0.1909 0.6719     --- 0.9676      --- 0.9676      --- 0.8836      ---  1.0000       ---   -0.100
channel15     76     66 -1.516e-05 0.8620 0.9195     --- 0.9676      --- 0.9676      --- 1.0000      ---  1.0000       ---   -0.002
channel16     76     66 -1.540e-04 0.1596 0.6719     --- 0.9676      --- 0.9676      --- 0.8214      ---  1.0000       ---   -0.177

── Per-channel results (Mann-Whitney — all three corrections) ──
  channel  p_raw p_FDR-BH sig_FDR p_Hochberg sig_Hoch p_Hommel sig_Homm   rb_r
 channel1 0.0334   0.5347     ---     0.5347      ---   0.5347      --- -0.208
 channel2 0.5166   0.9787     ---     0.9935      ---   0.9935      --- -0.063
 channel3 0.8813   0.9935     ---     0.9935      ---   0.9935      --- -0.015
 channel4 0.6190   0.9787     ---     0.9935      ---   0.9935      --- -0.049
 channel5 0.7185   0.9787     ---     0.9935      ---   0.9935      --- -0.035
 channel6 0.7340   0.9787     ---     0.9935      ---   0.9935      ---  0.033
 channel7 0.4850   0.9787     ---     0.9935      ---   0.9935      --- -0.068
 channel8 0.4968   0.9787     ---     0.9935      ---   0.9935      ---  0.066
 channel9 0.4727   0.9787     ---     0.9935      ---   0.9935      --- -0.070
channel10 0.5863   0.9787     ---     0.9935      ---   0.9935      ---  0.053
channel11 0.9935   0.9935     ---     0.9935      ---   0.9935      --- -0.001
channel12 0.9332   0.9935     ---     0.9935      ---   0.9935      --- -0.008
channel13 0.6960   0.9787     ---     0.9935      ---   0.9935      ---  0.038
channel14 0.6630   0.9787     ---     0.9935      ---   0.9935      ---  0.043
channel15 0.8491   0.9935     ---     0.9935      ---   0.9935      ---  0.019
channel16 0.4996   0.9787     ---     0.9935      ---   0.9935      ---  0.066

[✓] Results saved → results_psd_agg_vs_psd_nagg_na_corsi/results_psd_agg_vs_psd_nagg_na_corsi.csv
[✓] Figures saved → results_psd_agg_vs_psd_nagg_na_corsi/figures/

── Interaction analysis: PSD+AGG vs PSD-AGG ──
   Model : channel ~ C(group) × (wais_matrix + sud + dose)
   FDR-BH correction across 16 targets per interaction term

  group × WAIS_MATRIX  
  channel       beta     t  p_raw  p_FDR sig
 channel1  4.618e-05  1.72 0.0880 0.3519 ---
 channel2  3.542e-05  1.53 0.1289 0.4124 ---
 channel3  1.287e-05  0.52 0.6006 0.6864 ---
 channel4  2.469e-05  1.09 0.2777 0.4957 ---
 channel5 -3.090e-05 -1.35 0.1788 0.4474 ---
 channel6 -1.774e-05 -0.77 0.4416 0.6292 ---
 channel7 -1.881e-05 -0.73 0.4666 0.6292 ---
 channel8  1.448e-05  0.68 0.4965 0.6292 ---
 channel9  5.276e-05  1.75 0.0821 0.3519 ---
channel10  9.181e-05  2.30 0.0232 0.3519 ---
channel11  3.283e-05  1.30 0.1957 0.4474 ---
channel12  4.778e-05  1.77 0.0797 0.3519 ---
channel13 -2.928e-07 -0.01 0.9897 0.9897 ---
channel14  2.522e-05  1.09 0.2788 0.4957 ---
channel15  1.416e-05  0.66 0.5112 0.6292 ---
channel16 -5.962e-06 -0.23 0.8215 0.8763 ---

  group × SUD  
  channel       beta     t  p_raw  p_FDR sig
 channel1 -3.356e-04 -1.54 0.1252 0.3539 ---
 channel2 -3.262e-04 -1.74 0.0845 0.3382 ---
 channel3 -1.143e-04 -0.58 0.5658 0.8083 ---
 channel4 -1.350e-04 -0.74 0.4631 0.8083 ---
 channel5 -9.565e-05 -0.52 0.6062 0.8083 ---
 channel6  3.822e-05  0.21 0.8376 0.8828 ---
 channel7 -2.261e-04 -1.08 0.2803 0.6408 ---
 channel8  1.224e-04  0.71 0.4775 0.8083 ---
 channel9 -4.573e-04 -1.88 0.0629 0.3355 ---
channel10 -4.896e-04 -1.51 0.1327 0.3539 ---
channel11 -4.175e-04 -2.04 0.0431 0.3355 ---
channel12 -5.027e-04 -2.29 0.0233 0.3355 ---
channel13  2.714e-05  0.15 0.8828 0.8828 ---
channel14 -8.024e-05 -0.43 0.6699 0.8245 ---
channel15 -1.147e-04 -0.66 0.5110 0.8083 ---
channel16 -4.897e-05 -0.23 0.8190 0.8828 ---

  group × DOSE  
  channel       beta     t  p_raw  p_FDR sig
 channel1  3.583e-07  0.03 0.9738 0.9738 ---
 channel2  1.335e-05  1.42 0.1582 0.6304 ---
 channel3  3.074e-06  0.31 0.7579 0.8661 ---
 channel4  6.464e-06  0.70 0.4834 0.6445 ---
 channel5  1.002e-05  1.08 0.2820 0.6304 ---
 channel6  9.405e-06  1.01 0.3152 0.6304 ---
 channel7  7.693e-06  0.74 0.4633 0.6445 ---
 channel8  1.514e-05  1.76 0.0811 0.4327 ---
 channel9 -6.074e-06 -0.50 0.6201 0.7632 ---
channel10  2.759e-06  0.17 0.8652 0.9229 ---
channel11  7.348e-06  0.72 0.4746 0.6445 ---
channel12  1.145e-05  1.04 0.2991 0.6304 ---
channel13  6.858e-06  0.74 0.4580 0.6445 ---
channel14  2.066e-05  2.19 0.0300 0.2398 ---
channel15  9.951e-06  1.14 0.2562 0.6304 ---
channel16  2.710e-05  2.53 0.0125 0.2004 ---

[✓] Interaction results saved → results_psd_agg_vs_psd_nagg_na_corsi/results_psd_agg_vs_psd_nagg_na_corsi_interactions.csv


====== PSD-AGG vs HC — na-hard-easy ======

============================================================
  PSD-AGG vs HC  |  fNIRS beta-coefficient analysis
============================================================
  Input : pcon-con_na-hard-easy_allchannels.csv
  Groups: PSD-AGG (n=66)  vs  HC (n=85)
  Covariates : wais_matrix, sud
  Targets    : 16  (Ch1, Ch2, Ch3, Ch4, Ch5, Ch6, Ch7, Ch8, Ch9, Ch10, Ch11, Ch12, Ch13, Ch14, Ch15, Ch16)
  Alpha (FDR): 0.05
============================================================

── Descriptive statistics (covariates) ──
        wais_matrix         sud      
               mean   std  mean   std
group                                
HC            11.91  2.92  0.06  0.24
PSD-AGG        9.41  4.12  0.29  0.46


── Permutation tests  (5,000 perms, n=151 complete cases) ──
  No clusters above |t|=1.976 threshold.

── Per-channel results (ANCOVA — all corrections) ──
  channel  n_pos  n_neg       beta  p_raw  p_FDR sig_FDR p_Hoch sig_Hoch p_Homm sig_Homm p_Pmax sig_Pmax p_Clust sig_Clust cohens_d
 channel1     66     85  3.919e-04 0.3824 0.7563     --- 0.7895      --- 0.7895      --- 0.9538      ---  1.0000       ---    0.124
 channel2     66     85  3.343e-04 0.3795 0.7563     --- 0.7895      --- 0.7895      --- 0.9510      ---  1.0000       ---    0.136
 channel3     66     85 -3.559e-05 0.7629 0.7895     --- 0.7895      --- 0.7895      --- 1.0000      ---  1.0000       ---   -0.011
 channel4     66     85  2.079e-04 0.4544 0.7563     --- 0.7895      --- 0.7895      --- 0.9910      ---  1.0000       ---    0.104
 channel5     66     85  2.193e-04 0.4338 0.7563     --- 0.7895      --- 0.7895      --- 0.9840      ---  1.0000       ---    0.105
 channel6     66     85  3.276e-04 0.4082 0.7563     --- 0.7895      --- 0.7895      --- 0.9702      ---  1.0000       ---    0.115
 channel7     66     85  3.256e-04 0.3147 0.7563     --- 0.7895      --- 0.7895      --- 0.8638      ---  1.0000       ---    0.150
 channel8     66     85  2.878e-04 0.4727 0.7563     --- 0.7895      --- 0.7895      --- 0.9948      ---  1.0000       ---    0.098
 channel9     66     85  1.400e-04 0.5677 0.7895     --- 0.7895      --- 0.7895      --- 0.9998      ---  1.0000       ---    0.083
channel10     66     85  2.679e-04 0.3942 0.7563     --- 0.7895      --- 0.7895      --- 0.9624      ---  1.0000       ---    0.121
channel11     66     85  3.346e-04 0.3398 0.7563     --- 0.7895      --- 0.7895      --- 0.9014      ---  1.0000       ---    0.148
channel12     66     85  3.515e-04 0.3385 0.7563     --- 0.7895      --- 0.7895      --- 0.8988      ---  1.0000       ---    0.139
channel13     66     85  6.558e-05 0.7677 0.7895     --- 0.7895      --- 0.7895      --- 1.0000      ---  1.0000       ---    0.068
channel14     66     85  1.339e-04 0.6114 0.7895     --- 0.7895      --- 0.7895      --- 1.0000      ---  1.0000       ---    0.083
channel15     66     85  4.099e-05 0.7895 0.7895     --- 0.7895      --- 0.7895      --- 1.0000      ---  1.0000       ---    0.053
channel16     66     85  4.590e-05 0.7662 0.7895     --- 0.7895      --- 0.7895      --- 1.0000      ---  1.0000       ---    0.035

── Per-channel results (Mann-Whitney — all three corrections) ──
  channel  p_raw p_FDR-BH sig_FDR p_Hochberg sig_Hoch p_Hommel sig_Homm   rb_r
 channel1 0.6662   0.8266     ---     0.9223      ---   0.9223      ---  0.041
 channel2 0.3689   0.8266     ---     0.9223      ---   0.9223      --- -0.086
 channel3 0.5236   0.8266     ---     0.9223      ---   0.9223      ---  0.061
 channel4 0.5864   0.8266     ---     0.9223      ---   0.9223      ---  0.052
 channel5 0.4529   0.8266     ---     0.9223      ---   0.9223      ---  0.071
 channel6 0.2539   0.8266     ---     0.9223      ---   0.9223      ---  0.109
 channel7 0.5774   0.8266     ---     0.9223      ---   0.9223      --- -0.053
 channel8 0.5658   0.8266     ---     0.9223      ---   0.9223      ---  0.055
 channel9 0.3368   0.8266     ---     0.9223      ---   0.9223      ---  0.091
channel10 0.9119   0.9223     ---     0.9223      ---   0.9223      ---  0.011
channel11 0.9223   0.9223     ---     0.9223      ---   0.9223      --- -0.009
channel12 0.4888   0.8266     ---     0.9223      ---   0.9223      ---  0.066
channel13 0.6716   0.8266     ---     0.9223      ---   0.9223      ---  0.040
channel14 0.2171   0.8266     ---     0.9223      ---   0.9223      ---  0.117
channel15 0.7986   0.9127     ---     0.9223      ---   0.9223      ---  0.024
channel16 0.5981   0.8266     ---     0.9223      ---   0.9223      ---  0.050

[✓] Results saved → results_psd_nagg_vs_hc_na_hard_easy/results_psd_nagg_vs_hc_na_hard_easy.csv
[✓] Figures saved → results_psd_nagg_vs_hc_na_hard_easy/figures/

── Interaction analysis: PSD-AGG vs HC ──
   Model : channel ~ C(group) × (wais_matrix + sud)
   FDR-BH correction across 16 targets per interaction term

  group × WAIS_MATRIX  
  channel       beta     t  p_raw  p_FDR sig
 channel1 -1.748e-04 -1.47 0.1441 0.2784 ---
 channel2 -1.409e-04 -1.40 0.1648 0.2784 ---
 channel3 -3.744e-05 -1.19 0.2352 0.2784 ---
 channel4 -1.255e-04 -1.71 0.0899 0.2784 ---
 channel5 -9.480e-05 -1.27 0.2052 0.2784 ---
 channel6 -1.413e-04 -1.34 0.1811 0.2784 ---
 channel7 -1.142e-04 -1.33 0.1864 0.2784 ---
 channel8 -1.237e-04 -1.16 0.2480 0.2784 ---
 channel9 -7.362e-05 -1.13 0.2610 0.2784 ---
channel10 -1.200e-04 -1.44 0.1525 0.2784 ---
channel11 -9.047e-05 -0.97 0.3339 0.3339 ---
channel12 -1.143e-04 -1.17 0.2436 0.2784 ---
channel13 -6.917e-05 -1.17 0.2436 0.2784 ---
channel14 -8.942e-05 -1.28 0.2039 0.2784 ---
channel15 -5.701e-05 -1.40 0.1646 0.2784 ---
channel16 -4.668e-05 -1.14 0.2575 0.2784 ---

  group × SUD  
  channel       beta     t  p_raw  p_FDR sig
 channel1 -5.598e-04 -0.42 0.6743 0.8716 ---
 channel2 -5.577e-04 -0.49 0.6217 0.8716 ---
 channel3 -8.696e-05 -0.25 0.8046 0.8716 ---
 channel4 -4.554e-04 -0.55 0.5801 0.8716 ---
 channel5 -1.793e-04 -0.22 0.8297 0.8716 ---
 channel6 -5.298e-04 -0.45 0.6527 0.8716 ---
 channel7 -2.122e-04 -0.22 0.8255 0.8716 ---
 channel8 -4.801e-04 -0.40 0.6875 0.8716 ---
 channel9 -1.180e-04 -0.16 0.8716 0.8716 ---
channel10 -3.905e-04 -0.42 0.6758 0.8716 ---
channel11 -4.707e-04 -0.45 0.6523 0.8716 ---
channel12 -5.046e-04 -0.46 0.6442 0.8716 ---
channel13 -3.446e-04 -0.52 0.6023 0.8716 ---
channel14 -4.657e-04 -0.60 0.5527 0.8716 ---
channel15 -1.434e-04 -0.31 0.7536 0.8716 ---
channel16 -3.151e-04 -0.69 0.4933 0.8716 ---

[✓] Interaction results saved → results_psd_nagg_vs_hc_na_hard_easy/results_psd_nagg_vs_hc_na_hard_easy_interactions.csv


====== PSD-AGG vs HC — na-corsi ======

============================================================
  PSD-AGG vs HC  |  fNIRS beta-coefficient analysis
============================================================
  Input : pcon-con_na-corsi_allchannels.csv
  Groups: PSD-AGG (n=66)  vs  HC (n=85)
  Covariates : wais_matrix, sud
  Targets    : 16  (Ch1, Ch2, Ch3, Ch4, Ch5, Ch6, Ch7, Ch8, Ch9, Ch10, Ch11, Ch12, Ch13, Ch14, Ch15, Ch16)
  Alpha (FDR): 0.05
============================================================

── Descriptive statistics (covariates) ──
        wais_matrix         sud      
               mean   std  mean   std
group                                
HC            11.91  2.92  0.06  0.24
PSD-AGG        9.41  4.12  0.29  0.46


── Permutation tests  (5,000 perms, n=151 complete cases) ──
  No clusters above |t|=1.976 threshold.

── Per-channel results (ANCOVA — all corrections) ──
  channel  n_pos  n_neg       beta  p_raw  p_FDR sig_FDR p_Hoch sig_Hoch p_Homm sig_Homm p_Pmax sig_Pmax p_Clust sig_Clust cohens_d
 channel1     66     85 -7.137e-06 0.9778 0.9778     --- 0.9778      --- 0.9778      --- 1.0000      ---  1.0000       ---   -0.030
 channel2     66     85  1.244e-04 0.5708 0.9778     --- 0.9778      --- 0.9778      --- 0.9998      ---  1.0000       ---    0.110
 channel3     66     85 -1.083e-04 0.3335 0.9778     --- 0.9778      --- 0.9778      --- 0.9294      ---  1.0000       ---   -0.106
 channel4     66     85 -7.159e-05 0.6754 0.9778     --- 0.9778      --- 0.9778      --- 1.0000      ---  1.0000       ---   -0.073
 channel5     66     85  1.964e-05 0.9085 0.9778     --- 0.9778      --- 0.9778      --- 1.0000      ---  1.0000       ---   -0.015
 channel6     66     85 -5.386e-05 0.8076 0.9778     --- 0.9778      --- 0.9778      --- 1.0000      ---  1.0000       ---   -0.073
 channel7     66     85  4.359e-05 0.8218 0.9778     --- 0.9778      --- 0.9778      --- 1.0000      ---  1.0000       ---    0.016
 channel8     66     85  1.306e-04 0.5635 0.9778     --- 0.9778      --- 0.9778      --- 0.9996      ---  1.0000       ---    0.040
 channel9     66     85 -1.172e-04 0.4715 0.9778     --- 0.9778      --- 0.9778      --- 0.9928      ---  1.0000       ---   -0.103
channel10     66     85 -1.852e-05 0.9214 0.9778     --- 0.9778      --- 0.9778      --- 1.0000      ---  1.0000       ---   -0.050
channel11     66     85  3.022e-05 0.8845 0.9778     --- 0.9778      --- 0.9778      --- 1.0000      ---  1.0000       ---    0.032
channel12     66     85 -1.986e-05 0.9255 0.9778     --- 0.9778      --- 0.9778      --- 1.0000      ---  1.0000       ---   -0.008
channel13     66     85 -8.700e-06 0.9510 0.9778     --- 0.9778      --- 0.9778      --- 1.0000      ---  1.0000       ---    0.022
channel14     66     85 -2.142e-05 0.8928 0.9778     --- 0.9778      --- 0.9778      --- 1.0000      ---  1.0000       ---    0.022
channel15     66     85 -4.439e-05 0.6898 0.9778     --- 0.9778      --- 0.9778      --- 1.0000      ---  1.0000       ---   -0.023
channel16     66     85  5.615e-06 0.9632 0.9778     --- 0.9778      --- 0.9778      --- 1.0000      ---  1.0000       ---    0.008

── Per-channel results (Mann-Whitney — all three corrections) ──
  channel  p_raw p_FDR-BH sig_FDR p_Hochberg sig_Hoch p_Hommel sig_Homm  rb_r
 channel1 0.0230   0.1398     ---     0.3451      ---   0.2184      --- 0.216
 channel2 0.9686   0.9686     ---     0.9686      ---   0.9686      --- 0.004
 channel3 0.0700   0.1398     ---     0.6116      ---   0.4900      --- 0.172
 channel4 0.0372   0.1398     ---     0.4830      ---   0.2972      --- 0.198
 channel5 0.0588   0.1398     ---     0.6116      ---   0.4119      --- 0.180
 channel6 0.0008   0.0128     YES     0.0128      YES   0.0128      YES 0.319
 channel7 0.0640   0.1398     ---     0.6116      ---   0.4483      --- 0.176
 channel8 0.0874   0.1398     ---     0.6116      ---   0.6116      --- 0.163
 channel9 0.0837   0.1398     ---     0.6116      ---   0.5860      --- 0.165
channel10 0.0328   0.1398     ---     0.4588      ---   0.2622      --- 0.203
channel11 0.2270   0.3302     ---     0.9686      ---   0.9286      --- 0.115
channel12 0.0538   0.1398     ---     0.6116      ---   0.3766      --- 0.183
channel13 0.4385   0.5847     ---     0.9686      ---   0.9686      --- 0.074
channel14 0.4783   0.5887     ---     0.9686      ---   0.9686      --- 0.068
channel15 0.5571   0.6367     ---     0.9686      ---   0.9686      --- 0.056
channel16 0.8955   0.9552     ---     0.9686      ---   0.9686      --- 0.013

[✓] Results saved → results_psd_nagg_vs_hc_na_corsi/results_psd_nagg_vs_hc_na_corsi.csv
[✓] Figures saved → results_psd_nagg_vs_hc_na_corsi/figures/

── Interaction analysis: PSD-AGG vs HC ──
   Model : channel ~ C(group) × (wais_matrix + sud)
   FDR-BH correction across 16 targets per interaction term

  group × WAIS_MATRIX  
  channel       beta     t  p_raw  p_FDR sig
 channel1 -9.314e-05 -1.36 0.1745 0.4554 ---
 channel2 -6.281e-05 -1.07 0.2846 0.4554 ---
 channel3 -7.805e-06 -0.26 0.7944 0.7944 ---
 channel4 -7.560e-05 -1.67 0.0972 0.4554 ---
 channel5 -5.633e-05 -1.24 0.2167 0.4554 ---
 channel6 -7.173e-05 -1.22 0.2249 0.4554 ---
 channel7 -7.538e-05 -1.47 0.1442 0.4554 ---
 channel8 -8.428e-05 -1.40 0.1625 0.4554 ---
 channel9 -1.880e-05 -0.43 0.6660 0.7104 ---
channel10 -6.673e-05 -1.34 0.1834 0.4554 ---
channel11 -2.584e-05 -0.47 0.6426 0.7104 ---
channel12 -4.873e-05 -0.86 0.3911 0.5688 ---
channel13 -2.370e-05 -0.63 0.5320 0.6639 ---
channel14 -4.735e-05 -1.12 0.2642 0.4554 ---
channel15 -3.270e-05 -1.10 0.2714 0.4554 ---
channel16 -2.000e-05 -0.62 0.5394 0.6639 ---

  group × SUD  
  channel       beta     t  p_raw  p_FDR sig
 channel1 -1.331e-06 -0.00 0.9986 0.9986 ---
 channel2 -1.014e-04 -0.16 0.8768 0.9353 ---
 channel3  1.306e-04  0.39 0.6962 0.8448 ---
 channel4 -2.648e-04 -0.52 0.6015 0.8448 ---
 channel5  2.560e-04  0.50 0.6145 0.8448 ---
 channel6 -2.234e-04 -0.34 0.7345 0.8448 ---
 channel7  2.145e-04  0.37 0.7089 0.8448 ---
 channel8 -3.065e-04 -0.46 0.6484 0.8448 ---
 channel9  1.828e-04  0.38 0.7071 0.8448 ---
channel10 -2.436e-04 -0.44 0.6629 0.8448 ---
channel11 -2.071e-04 -0.33 0.7392 0.8448 ---
channel12 -3.789e-04 -0.60 0.5503 0.8448 ---
channel13 -2.594e-04 -0.61 0.5403 0.8448 ---
channel14 -4.168e-04 -0.88 0.3786 0.8448 ---
channel15 -1.476e-04 -0.45 0.6562 0.8448 ---
channel16 -2.010e-04 -0.55 0.5808 0.8448 ---

[✓] Interaction results saved → results_psd_nagg_vs_hc_na_corsi/results_psd_nagg_vs_hc_na_corsi_interactions.csv

