====== PSD+AGG vs HC — v5 (LRV hard-easy) ======

============================================================
  PSD+AGG vs PSD-AGG  |  fNIRS beta-coefficient analysis
============================================================
  Input : lrv-con_v5_allchannels.csv
  Groups: PSD+AGG (n=77)  vs  HC (n=85)
  Covariates : sans, saps, wais_matrix, sud
  Channels   : 16
  Alpha (FDR): 0.05
============================================================

── Descriptive statistics (covariates) ──
          sans        saps        wais_matrix         sud      
          mean    std mean    std        mean   std  mean   std
group                                                          
HC        3.05   3.73  0.6   2.34       11.91  2.92  0.06  0.24
PSD+AGG  24.03  12.26  7.7  10.30        7.69  3.27  0.73  0.45


── Permutation tests  (5,000 perms, n=162 complete cases) ──
  Cluster-forming |t| threshold: 1.975
  Cluster 1: [Ch1, Ch2, Ch3, Ch4]  mass=-8.590  p=0.0302  ✓

── Per-channel results (ANCOVA — all corrections) ──
  channel  n_pos  n_neg       beta  p_raw  p_FDR sig_FDR p_Hoch sig_Hoch p_Homm sig_Homm p_Pmax sig_Pmax p_Clust sig_Clust cohens_d
 channel1     77     85 -3.919e-05 0.0343 0.1830     --- 0.4803      --- 0.4460      --- 0.2422      ---  0.0302       YES   -0.277
 channel2     77     85 -4.142e-05 0.0238 0.1830     --- 0.3807      --- 0.3314      --- 0.1802      ---  0.0302       YES   -0.168
 channel3     77     85 -3.750e-05 0.0313 0.1830     --- 0.4692      --- 0.4066      --- 0.2266      ---  0.0302       YES   -0.370
 channel4     77     85 -3.325e-05 0.0473 0.1894     --- 0.6154      --- 0.5681      --- 0.3214      ---  0.0302       YES   -0.259
 channel5     77     85 -3.559e-05 0.0842 0.2696     --- 0.9377      --- 0.9266      --- 0.4988      ---  1.0000       ---   -0.167
 channel6     77     85 -5.401e-06 0.7123 0.9307     --- 0.9377      --- 0.9377      --- 1.0000      ---  1.0000       ---   -0.129
 channel7     77     85 -1.364e-05 0.3928 0.7855     --- 0.9377      --- 0.9377      --- 0.9896      ---  1.0000       ---   -0.117
 channel8     77     85 -1.345e-05 0.3562 0.7855     --- 0.9377      --- 0.9377      --- 0.9786      ---  1.0000       ---   -0.209
 channel9     77     85  3.066e-06 0.8144 0.9307     --- 0.9377      --- 0.9377      --- 1.0000      ---  1.0000       ---    0.005
channel10     77     85 -6.101e-06 0.6748 0.9307     --- 0.9377      --- 0.9377      --- 1.0000      ---  1.0000       ---   -0.121
channel11     77     85 -4.931e-06 0.6795 0.9307     --- 0.9377      --- 0.9377      --- 1.0000      ---  1.0000       ---   -0.119
channel12     77     85 -3.292e-06 0.8024 0.9307     --- 0.9377      --- 0.9377      --- 1.0000      ---  1.0000       ---   -0.099
channel13     77     85 -8.966e-07 0.9377 0.9377     --- 0.9377      --- 0.9377      --- 1.0000      ---  1.0000       ---   -0.059
channel14     77     85 -2.198e-05 0.1133 0.3022     --- 0.9377      --- 0.9377      --- 0.6038      ---  1.0000       ---   -0.189
channel15     77     85 -1.547e-06 0.9047 0.9377     --- 0.9377      --- 0.9377      --- 1.0000      ---  1.0000       ---   -0.137
channel16     77     85 -7.515e-06 0.5802 0.9307     --- 0.9377      --- 0.9377      --- 1.0000      ---  1.0000       ---   -0.042

── Per-channel results (Mann-Whitney — all three corrections) ──
  channel  p_raw p_FDR-BH sig_FDR p_Hochberg sig_Hoch p_Hommel sig_Homm  rb_r
 channel1 0.3416   0.6564     ---     0.8906      ---   0.8906      --- 0.087
 channel2 0.8906   0.8906     ---     0.8906      ---   0.8906      --- 0.013
 channel3 0.1085   0.6564     ---     0.8906      ---   0.8696      --- 0.146
 channel4 0.1924   0.6564     ---     0.8906      ---   0.8906      --- 0.119
 channel5 0.2671   0.6564     ---     0.8906      ---   0.8906      --- 0.101
 channel6 0.2443   0.6564     ---     0.8906      ---   0.8906      --- 0.106
 channel7 0.4128   0.6564     ---     0.8906      ---   0.8906      --- 0.075
 channel8 0.0986   0.6564     ---     0.8906      ---   0.8696      --- 0.150
 channel9 0.7284   0.8245     ---     0.8906      ---   0.8906      --- 0.032
channel10 0.3969   0.6564     ---     0.8906      ---   0.8906      --- 0.077
channel11 0.3685   0.6564     ---     0.8906      ---   0.8906      --- 0.082
channel12 0.4513   0.6564     ---     0.8906      ---   0.8906      --- 0.069
channel13 0.5926   0.7293     ---     0.8906      ---   0.8906      --- 0.049
channel14 0.3493   0.6564     ---     0.8906      ---   0.8906      --- 0.085
channel15 0.5032   0.6710     ---     0.8906      ---   0.8906      --- 0.061
channel16 0.7730   0.8245     ---     0.8906      ---   0.8906      --- 0.026

[✓] Results saved → results_psd_agg_vs_hc_lrv_v5/results_psd_agg_vs_psd_nagg.csv
[✓] Figures saved → results_psd_agg_vs_hc_lrv_v5/figures/

── Interaction analysis: PSD+AGG vs HC ──
   Model : channel ~ C(group) × (sans + saps + wais_matrix + sud)
   FDR-BH correction across 16 channels per interaction term

  group × SANS  
  channel       beta     t  p_raw  p_FDR sig
 channel1  1.076e-06  0.60 0.5520 0.9612 ---
 channel2  2.686e-06  1.51 0.1322 0.6918 ---
 channel3  1.371e-07  0.08 0.9359 0.9612 ---
 channel4  9.561e-07  0.58 0.5611 0.9612 ---
 channel5  4.518e-07  0.22 0.8229 0.9612 ---
 channel6  7.015e-08  0.05 0.9612 0.9612 ---
 channel7 -7.350e-07 -0.47 0.6404 0.9612 ---
 channel8 -2.278e-07 -0.16 0.8735 0.9612 ---
 channel9 -1.228e-06 -0.96 0.3407 0.9084 ---
channel10  6.008e-07  0.42 0.6753 0.9612 ---
channel11  1.094e-07  0.09 0.9261 0.9612 ---
channel12  4.564e-07  0.35 0.7243 0.9612 ---
channel13 -1.953e-06 -1.76 0.0807 0.6918 ---
channel14 -1.681e-06 -1.24 0.2162 0.6918 ---
channel15 -1.717e-06 -1.36 0.1758 0.6918 ---
channel16 -1.728e-06 -1.30 0.1965 0.6918 ---

  group × SAPS  
  channel      beta    t  p_raw  p_FDR sig
 channel1 5.750e-07 0.21 0.8362 0.9923 ---
 channel2 8.726e-08 0.03 0.9745 0.9923 ---
 channel3 2.202e-07 0.08 0.9331 0.9923 ---
 channel4 1.107e-06 0.44 0.6614 0.9923 ---
 channel5 1.724e-06 0.56 0.5787 0.9923 ---
 channel6 1.737e-06 0.78 0.4341 0.9923 ---
 channel7 9.387e-07 0.39 0.6980 0.9923 ---
 channel8 9.874e-07 0.45 0.6539 0.9923 ---
 channel9 4.529e-07 0.23 0.8189 0.9923 ---
channel10 2.007e-07 0.09 0.9275 0.9923 ---
channel11 1.742e-08 0.01 0.9923 0.9923 ---
channel12 1.144e-06 0.58 0.5655 0.9923 ---
channel13 7.630e-07 0.45 0.6557 0.9923 ---
channel14 8.863e-07 0.43 0.6708 0.9923 ---
channel15 6.926e-07 0.36 0.7217 0.9923 ---
channel16 3.766e-07 0.18 0.8544 0.9923 ---

  group × WAIS_MATRIX  
  channel       beta     t  p_raw  p_FDR sig
 channel1  1.733e-06  0.58 0.5654 0.9549 ---
 channel2  1.270e-06  0.43 0.6682 0.9549 ---
 channel3  1.606e-07  0.06 0.9549 0.9549 ---
 channel4 -2.562e-07 -0.09 0.9254 0.9549 ---
 channel5  2.517e-06  0.75 0.4545 0.9549 ---
 channel6 -1.374e-06 -0.57 0.5680 0.9549 ---
 channel7 -1.511e-06 -0.58 0.5644 0.9549 ---
 channel8 -5.560e-07 -0.23 0.8156 0.9549 ---
 channel9 -7.528e-07 -0.35 0.7254 0.9549 ---
channel10  1.951e-06  0.82 0.4146 0.9549 ---
channel11  2.079e-07  0.11 0.9158 0.9549 ---
channel12  3.147e-07  0.15 0.8839 0.9549 ---
channel13 -3.260e-06 -1.76 0.0800 0.9549 ---
channel14 -2.428e-06 -1.08 0.2831 0.9549 ---
channel15 -1.991e-06 -0.95 0.3451 0.9549 ---
channel16 -1.126e-06 -0.51 0.6125 0.9549 ---

  group × SUD  
  channel       beta     t  p_raw  p_FDR sig
 channel1  3.180e-05  1.03 0.3052 0.9759 ---
 channel2  3.517e-05  1.16 0.2487 0.9759 ---
 channel3  2.343e-05  0.80 0.4227 0.9759 ---
 channel4  1.187e-05  0.42 0.6733 0.9759 ---
 channel5  3.190e-05  0.92 0.3565 0.9759 ---
 channel6 -8.351e-06 -0.34 0.7354 0.9759 ---
 channel7  6.675e-06  0.25 0.8042 0.9759 ---
 channel8  2.777e-05  1.14 0.2581 0.9759 ---
 channel9 -5.600e-06 -0.25 0.7993 0.9759 ---
channel10  7.423e-07  0.03 0.9759 0.9759 ---
channel11  9.525e-07  0.05 0.9624 0.9759 ---
channel12 -2.111e-05 -0.95 0.3413 0.9759 ---
channel13  8.175e-06  0.43 0.6678 0.9759 ---
channel14 -3.196e-06 -0.14 0.8905 0.9759 ---
channel15  1.249e-05  0.58 0.5642 0.9759 ---
channel16  5.575e-06  0.24 0.8072 0.9759 ---

[✓] Interaction results saved → results_psd_agg_vs_hc_lrv_v5/interaction_results.csv


====== PSD+AGG vs HC — v7 (LRV corsi_GLT) ======

============================================================
  PSD+AGG vs PSD-AGG  |  fNIRS beta-coefficient analysis
============================================================
  Input : lrv-con_v7_allchannels.csv
  Groups: PSD+AGG (n=77)  vs  HC (n=85)
  Covariates : sans, saps, wais_matrix, sud
  Channels   : 16
  Alpha (FDR): 0.05
============================================================

── Descriptive statistics (covariates) ──
          sans        saps        wais_matrix         sud      
          mean    std mean    std        mean   std  mean   std
group                                                          
HC        3.05   3.73  0.6   2.34       11.91  2.92  0.06  0.24
PSD+AGG  24.03  12.26  7.7  10.30        7.69  3.27  0.73  0.45


── Permutation tests  (5,000 perms, n=162 complete cases) ──
  Cluster-forming |t| threshold: 1.975
  Cluster 1: [Ch3]  mass=-2.179  p=0.2418  —
  Cluster 2: [Ch5]  mass=-2.265  p=0.2060  —

── Per-channel results (ANCOVA — all corrections) ──
  channel  n_pos  n_neg       beta  p_raw  p_FDR sig_FDR p_Hoch sig_Hoch p_Homm sig_Homm p_Pmax sig_Pmax p_Clust sig_Clust cohens_d
 channel1     77     85 -1.841e-05 0.1131 0.2585     --- 0.9351      --- 0.6190      --- 0.6330      ---  1.0000       ---   -0.131
 channel2     77     85 -2.278e-05 0.0514 0.2039     --- 0.7192      --- 0.4716      --- 0.3672      ---  1.0000       ---   -0.196
 channel3     77     85 -2.694e-05 0.0308 0.2039     --- 0.4620      --- 0.3696      --- 0.2364      ---  0.2418       ---   -0.278
 channel4     77     85 -1.942e-05 0.0763 0.2039     --- 0.8409      --- 0.5502      --- 0.4896      ---  1.0000       ---   -0.126
 channel5     77     85 -2.833e-05 0.0249 0.2039     --- 0.3985      --- 0.3237      --- 0.1964      ---  0.2060       ---   -0.222
 channel6     77     85 -2.446e-06 0.8150 0.8693     --- 0.9351      --- 0.9351      --- 1.0000      ---  1.0000       ---   -0.240
 channel7     77     85 -1.539e-05 0.1441 0.2883     --- 0.9351      --- 0.6877      --- 0.7322      ---  1.0000       ---   -0.191
 channel8     77     85 -1.092e-05 0.2830 0.3773     --- 0.9351      --- 0.8489      --- 0.9410      ---  1.0000       ---   -0.214
 channel9     77     85 -1.187e-05 0.2367 0.3773     --- 0.9351      --- 0.8253      --- 0.8998      ---  1.0000       ---   -0.140
channel10     77     85 -7.315e-06 0.4126 0.4716     --- 0.9351      --- 0.9351      --- 0.9918      ---  1.0000       ---   -0.266
channel11     77     85 -9.084e-06 0.3463 0.4263     --- 0.9351      --- 0.9351      --- 0.9756      ---  1.0000       ---   -0.208
channel12     77     85 -7.416e-07 0.9351 0.9351     --- 0.9351      --- 0.9351      --- 1.0000      ---  1.0000       ---   -0.106
channel13     77     85 -1.260e-05 0.1858 0.3303     --- 0.9351      --- 0.7431      --- 0.8226      ---  1.0000       ---   -0.097
channel14     77     85 -1.016e-05 0.2713 0.3773     --- 0.9351      --- 0.8253      --- 0.9314      ---  1.0000       ---    0.046
channel15     77     85 -1.625e-05 0.0764 0.2039     --- 0.8409      --- 0.5502      --- 0.4906      ---  1.0000       ---   -0.083
channel16     77     85 -1.614e-05 0.0577 0.2039     --- 0.7500      --- 0.5093      --- 0.4004      ---  1.0000       ---    0.048

── Per-channel results (Mann-Whitney — all three corrections) ──
  channel  p_raw p_FDR-BH sig_FDR p_Hochberg sig_Hoch p_Hommel sig_Homm   rb_r
 channel1 0.6386   0.9261     ---     0.9960      ---   0.9960      ---  0.043
 channel2 0.4956   0.9261     ---     0.9960      ---   0.9960      ---  0.062
 channel3 0.2377   0.7145     ---     0.9960      ---   0.9960      ---  0.108
 channel4 0.7486   0.9261     ---     0.9960      ---   0.9960      ---  0.029
 channel5 0.2679   0.7145     ---     0.9960      ---   0.9960      ---  0.101
 channel6 0.0375   0.3949     ---     0.5994      ---   0.5620      ---  0.190
 channel7 0.1956   0.7145     ---     0.9960      ---   0.9960      ---  0.118
 channel8 0.0494   0.3949     ---     0.7404      ---   0.6910      ---  0.179
 channel9 0.6687   0.9261     ---     0.9960      ---   0.9960      ---  0.039
channel10 0.0840   0.4478     ---     0.9960      ---   0.9850      ---  0.158
channel11 0.5325   0.9261     ---     0.9960      ---   0.9960      ---  0.057
channel12 0.6278   0.9261     ---     0.9960      ---   0.9960      ---  0.044
channel13 0.9960   0.9960     ---     0.9960      ---   0.9960      --- -0.001
channel14 0.8209   0.9381     ---     0.9960      ---   0.9960      --- -0.021
channel15 0.7525   0.9261     ---     0.9960      ---   0.9960      ---  0.029
channel16 0.9839   0.9960     ---     0.9960      ---   0.9960      ---  0.002

[✓] Results saved → results_psd_agg_vs_hc_lrv_v7/results_psd_agg_vs_psd_nagg.csv
[✓] Figures saved → results_psd_agg_vs_hc_lrv_v7/figures/

── Interaction analysis: PSD+AGG vs HC ──
   Model : channel ~ C(group) × (sans + saps + wais_matrix + sud)
   FDR-BH correction across 16 channels per interaction term

  group × SANS  
  channel       beta     t  p_raw  p_FDR sig
 channel1  8.160e-07  0.72 0.4722 0.5287 ---
 channel2  1.689e-06  1.49 0.1385 0.2462 ---
 channel3  1.141e-06  0.95 0.3454 0.5024 ---
 channel4  1.449e-06  1.36 0.1753 0.2805 ---
 channel5  2.387e-06  1.97 0.0509 0.1401 ---
 channel6  1.974e-06  1.95 0.0529 0.1401 ---
 channel7  2.670e-06  2.64 0.0091 0.1202 ---
 channel8  1.843e-06  1.88 0.0626 0.1401 ---
 channel9  2.368e-06  2.46 0.0150 0.1202 ---
channel10  1.664e-06  1.93 0.0559 0.1401 ---
channel11  1.824e-06  1.95 0.0534 0.1401 ---
channel12  1.601e-06  1.82 0.0700 0.1401 ---
channel13  2.112e-07  0.23 0.8194 0.8194 ---
channel14  6.209e-07  0.69 0.4921 0.5287 ---
channel15  6.092e-07  0.69 0.4931 0.5287 ---
channel16 -5.655e-07 -0.68 0.4956 0.5287 ---

  group × SAPS  
  channel      beta    t  p_raw  p_FDR sig
 channel1 3.100e-07 0.18 0.8589 0.8589 ---
 channel2 6.561e-07 0.38 0.7073 0.8084 ---
 channel3 3.374e-07 0.18 0.8559 0.8589 ---
 channel4 6.620e-07 0.40 0.6865 0.8084 ---
 channel5 1.941e-06 1.04 0.2996 0.5326 ---
 channel6 1.893e-06 1.22 0.2256 0.4629 ---
 channel7 1.008e-06 0.65 0.5174 0.7526 ---
 channel8 2.453e-06 1.62 0.1064 0.4272 ---
 channel9 1.846e-06 1.25 0.2144 0.4629 ---
channel10 1.595e-06 1.20 0.2315 0.4629 ---
channel11 7.347e-07 0.51 0.6109 0.8084 ---
channel12 2.332e-06 1.73 0.0859 0.4272 ---
channel13 2.304e-06 1.62 0.1068 0.4272 ---
channel14 2.063e-06 1.49 0.1387 0.4438 ---
channel15 2.269e-06 1.66 0.0982 0.4272 ---
channel16 1.216e-06 0.96 0.3409 0.5455 ---

  group × WAIS_MATRIX  
  channel       beta     t  p_raw  p_FDR sig
 channel1 -1.222e-06 -0.65 0.5180 0.7963 ---
 channel2  1.485e-06  0.79 0.4331 0.7963 ---
 channel3 -2.924e-06 -1.46 0.1476 0.7963 ---
 channel4 -1.641e-06 -0.93 0.3562 0.7963 ---
 channel5  1.480e-06  0.73 0.4649 0.7963 ---
 channel6 -7.539e-07 -0.45 0.6552 0.7963 ---
 channel7  8.877e-07  0.53 0.5987 0.7963 ---
 channel8  2.262e-07  0.14 0.8902 0.8902 ---
 channel9 -5.983e-07 -0.37 0.7096 0.7963 ---
channel10 -4.657e-07 -0.32 0.7465 0.7963 ---
channel11  1.391e-06  0.89 0.3743 0.7963 ---
channel12 -5.590e-07 -0.38 0.7026 0.7963 ---
channel13 -1.962e-06 -1.28 0.2042 0.7963 ---
channel14  7.056e-07  0.47 0.6391 0.7963 ---
channel15  5.698e-07  0.39 0.7002 0.7963 ---
channel16 -5.790e-07 -0.42 0.6752 0.7963 ---

  group × SUD  
  channel       beta     t  p_raw  p_FDR sig
 channel1  2.420e-05  1.25 0.2138 0.7944 ---
 channel2  2.062e-05  1.06 0.2899 0.7944 ---
 channel3  1.545e-05  0.75 0.4552 0.7944 ---
 channel4  6.909e-06  0.38 0.7051 0.8058 ---
 channel5  2.487e-05  1.20 0.2329 0.7944 ---
 channel6 -9.289e-06 -0.54 0.5925 0.7944 ---
 channel7  1.869e-05  1.08 0.2818 0.7944 ---
 channel8 -6.781e-07 -0.04 0.9679 0.9679 ---
 channel9  9.189e-06  0.56 0.5780 0.7944 ---
channel10 -9.925e-06 -0.67 0.5029 0.7944 ---
channel11  7.397e-06  0.46 0.6454 0.7944 ---
channel12 -1.401e-05 -0.93 0.3524 0.7944 ---
channel13  7.944e-06  0.50 0.6160 0.7944 ---
channel14  3.263e-06  0.21 0.8328 0.8883 ---
channel15  2.202e-05  1.45 0.1489 0.7944 ---
channel16  1.346e-05  0.95 0.3439 0.7944 ---

[✓] Interaction results saved → results_psd_agg_vs_hc_lrv_v7/interaction_results.csv


====== PSD+AGG vs PSD-AGG — v5 (LRV hard-easy) ======

============================================================
  PSD+AGG vs PSD-AGG  |  fNIRS beta-coefficient analysis
============================================================
  Input : lrv-pcon_v5_allchannels.csv
  Groups: PSD+AGG (n=77)  vs  PSD-AGG (n=66)
  Covariates : sans, saps, wais_matrix, sud, dose
  Channels   : 16
  Alpha (FDR): 0.05
============================================================

── Descriptive statistics (covariates) ──
          sans         saps        wais_matrix         sud         dose       
          mean    std  mean    std        mean   std  mean   std   mean    std
group                                                                         
PSD+AGG  24.03  12.26  7.70  10.30        7.69  3.27  0.73  0.45  13.88  11.54
PSD-AGG  20.23  12.83  9.91  13.44        9.41  4.12  0.29  0.46   8.36   8.19


── Permutation tests  (5,000 perms, n=143 complete cases) ──
  No clusters above |t|=1.978 threshold.

── Per-channel results (ANCOVA — all corrections) ──
  channel  n_pos  n_neg       beta  p_raw  p_FDR sig_FDR p_Hoch sig_Hoch p_Homm sig_Homm p_Pmax sig_Pmax p_Clust sig_Clust cohens_d
 channel1     77     66 -1.660e-05 0.1756 0.9628     --- 0.9628      --- 0.9628      --- 0.8272      ---  1.0000       ---   -0.159
 channel2     77     66 -8.561e-06 0.4868 0.9628     --- 0.9628      --- 0.9628      --- 0.9990      ---  1.0000       ---   -0.008
 channel3     77     66 -1.843e-05 0.1475 0.9628     --- 0.9628      --- 0.9628      --- 0.7586      ---  1.0000       ---   -0.188
 channel4     77     66 -1.096e-05 0.3516 0.9628     --- 0.9628      --- 0.9628      --- 0.9860      ---  1.0000       ---   -0.076
 channel5     77     66 -5.490e-06 0.6834 0.9628     --- 0.9628      --- 0.9628      --- 1.0000      ---  1.0000       ---   -0.092
 channel6     77     66 -1.825e-06 0.8486 0.9628     --- 0.9628      --- 0.9628      --- 1.0000      ---  1.0000       ---   -0.122
 channel7     77     66  9.085e-07 0.9325 0.9628     --- 0.9628      --- 0.9628      --- 1.0000      ---  1.0000       ---   -0.002
 channel8     77     66 -2.343e-06 0.8077 0.9628     --- 0.9628      --- 0.9628      --- 1.0000      ---  1.0000       ---   -0.037
 channel9     77     66  3.558e-06 0.6796 0.9628     --- 0.9628      --- 0.9628      --- 1.0000      ---  1.0000       ---    0.039
channel10     77     66  1.722e-06 0.8742 0.9628     --- 0.9628      --- 0.9628      --- 1.0000      ---  1.0000       ---    0.070
channel11     77     66 -2.046e-06 0.8092 0.9628     --- 0.9628      --- 0.9628      --- 1.0000      ---  1.0000       ---    0.018
channel12     77     66  5.450e-06 0.6438 0.9628     --- 0.9628      --- 0.9628      --- 1.0000      ---  1.0000       ---    0.063
channel13     77     66  4.017e-06 0.6253 0.9628     --- 0.9628      --- 0.9628      --- 1.0000      ---  1.0000       ---    0.124
channel14     77     66 -1.681e-06 0.8748 0.9628     --- 0.9628      --- 0.9628      --- 1.0000      ---  1.0000       ---    0.009
channel15     77     66  4.488e-07 0.9628 0.9628     --- 0.9628      --- 0.9628      --- 1.0000      ---  1.0000       ---   -0.010
channel16     77     66 -1.355e-06 0.8968 0.9628     --- 0.9628      --- 0.9628      --- 1.0000      ---  1.0000       ---    0.037

── Per-channel results (Mann-Whitney — all three corrections) ──
  channel  p_raw p_FDR-BH sig_FDR p_Hochberg sig_Hoch p_Hommel sig_Homm   rb_r
 channel1 0.9709   0.9709     ---     0.9709      ---   0.9709      --- -0.004
 channel2 0.7953   0.9709     ---     0.9709      ---   0.9709      --- -0.025
 channel3 0.4329   0.9709     ---     0.9709      ---   0.9709      ---  0.076
 channel4 0.5391   0.9709     ---     0.9709      ---   0.9709      ---  0.060
 channel5 0.4883   0.9709     ---     0.9709      ---   0.9709      ---  0.067
 channel6 0.1727   0.9709     ---     0.9709      ---   0.9709      ---  0.132
 channel7 0.9514   0.9709     ---     0.9709      ---   0.9709      --- -0.006
 channel8 0.3852   0.9709     ---     0.9709      ---   0.9709      ---  0.084
 channel9 0.6452   0.9709     ---     0.9709      ---   0.9709      ---  0.045
channel10 0.8871   0.9709     ---     0.9709      ---   0.9709      ---  0.014
channel11 0.8110   0.9709     ---     0.9709      ---   0.9709      ---  0.023
channel12 0.5703   0.9709     ---     0.9709      ---   0.9709      ---  0.055
channel13 0.8904   0.9709     ---     0.9709      ---   0.9709      --- -0.014
channel14 0.8776   0.9709     ---     0.9709      ---   0.9709      ---  0.015
channel15 0.6108   0.9709     ---     0.9709      ---   0.9709      ---  0.050
channel16 0.6368   0.9709     ---     0.9709      ---   0.9709      ---  0.046

[✓] Results saved → results_psd_agg_lrv_v5/results_psd_agg_vs_psd_nagg.csv
[✓] Figures saved → results_psd_agg_lrv_v5/figures/

── Interaction analysis: PSD+AGG vs PSD-AGG ──
   Model : channel ~ C(group) × (sans + saps + wais_matrix + sud + dose)
   FDR-BH correction across 16 channels per interaction term

  group × SANS  
  channel       beta     t  p_raw  p_FDR sig
 channel1  4.340e-07  0.50 0.6170 0.8226 ---
 channel2  3.448e-07  0.38 0.7013 0.8631 ---
 channel3  1.798e-07  0.19 0.8462 0.9026 ---
 channel4 -8.658e-07 -1.02 0.3101 0.6517 ---
 channel5  8.815e-07  0.91 0.3666 0.6517 ---
 channel6 -6.738e-07 -0.98 0.3277 0.6517 ---
 channel7 -1.892e-07 -0.24 0.8088 0.9026 ---
 channel8 -8.177e-07 -1.19 0.2374 0.6517 ---
 channel9 -6.130e-07 -0.99 0.3255 0.6517 ---
channel10 -6.180e-08 -0.08 0.9375 0.9375 ---
channel11 -4.017e-07 -0.65 0.5171 0.7955 ---
channel12 -5.184e-07 -0.60 0.5469 0.7955 ---
channel13 -9.512e-07 -1.60 0.1120 0.4481 ---
channel14 -1.526e-06 -2.02 0.0452 0.2413 ---
channel15 -1.958e-06 -2.91 0.0043 0.0684 ---
channel16 -1.635e-06 -2.21 0.0288 0.2301 ---

  group × SAPS  
  channel       beta     t  p_raw  p_FDR sig
 channel1  1.111e-06  1.15 0.2511 0.8035 ---
 channel2  5.101e-07  0.51 0.6103 0.8891 ---
 channel3  7.186e-08  0.07 0.9445 0.9468 ---
 channel4  1.375e-06  1.45 0.1484 0.7916 ---
 channel5  1.305e-06  1.21 0.2302 0.8035 ---
 channel6  1.627e-06  2.13 0.0350 0.5594 ---
 channel7  6.345e-07  0.73 0.4662 0.8891 ---
 channel8  1.121e-06  1.46 0.1463 0.7916 ---
 channel9 -5.953e-07 -0.86 0.3907 0.8891 ---
channel10 -3.165e-07 -0.36 0.7184 0.8891 ---
channel11 -1.945e-07 -0.28 0.7779 0.8891 ---
channel12  3.192e-07  0.33 0.7388 0.8891 ---
channel13  2.683e-07  0.41 0.6859 0.8891 ---
channel14  8.364e-07  1.00 0.3214 0.8570 ---
channel15  2.988e-07  0.40 0.6907 0.8891 ---
channel16 -5.498e-08 -0.07 0.9468 0.9468 ---

  group × WAIS_MATRIX  
  channel       beta     t  p_raw  p_FDR sig
 channel1  5.453e-06  1.82 0.0705 0.8315 ---
 channel2  1.272e-06  0.41 0.6821 0.8315 ---
 channel3  1.744e-06  0.55 0.5861 0.8315 ---
 channel4  6.259e-07  0.21 0.8315 0.8315 ---
 channel5  3.165e-06  0.94 0.3482 0.8315 ---
 channel6 -6.900e-07 -0.29 0.7714 0.8315 ---
 channel7 -7.611e-07 -0.28 0.7780 0.8315 ---
 channel8 -8.824e-07 -0.37 0.7114 0.8315 ---
 channel9 -1.598e-06 -0.74 0.4577 0.8315 ---
channel10  1.275e-06  0.47 0.6400 0.8315 ---
channel11 -1.112e-06 -0.52 0.6036 0.8315 ---
channel12 -1.546e-06 -0.52 0.6031 0.8315 ---
channel13 -5.259e-07 -0.26 0.7983 0.8315 ---
channel14 -1.949e-06 -0.75 0.4562 0.8315 ---
channel15 -6.508e-07 -0.28 0.7801 0.8315 ---
channel16 -8.120e-07 -0.32 0.7511 0.8315 ---

  group × SUD  
  channel       beta     t  p_raw  p_FDR sig
 channel1  4.619e-05  1.96 0.0525 0.8404 ---
 channel2  1.818e-05  0.74 0.4587 0.9138 ---
 channel3  1.420e-05  0.56 0.5744 0.9138 ---
 channel4  9.944e-06  0.43 0.6686 0.9138 ---
 channel5  1.757e-05  0.66 0.5090 0.9138 ---
 channel6 -4.066e-06 -0.22 0.8283 0.9138 ---
 channel7 -4.362e-06 -0.21 0.8378 0.9138 ---
 channel8 -1.635e-05 -0.87 0.3858 0.9138 ---
 channel9  2.709e-06  0.16 0.8732 0.9138 ---
channel10 -3.205e-05 -1.49 0.1378 0.9138 ---
channel11 -4.633e-06 -0.27 0.7840 0.9138 ---
channel12 -1.929e-05 -0.82 0.4113 0.9138 ---
channel13 -1.149e-05 -0.71 0.4799 0.9138 ---
channel14 -8.821e-06 -0.43 0.6690 0.9138 ---
channel15 -1.990e-06 -0.11 0.9138 0.9138 ---
channel16 -1.151e-05 -0.57 0.5690 0.9138 ---

  group × DOSE  
  channel       beta     t  p_raw  p_FDR sig
 channel1 -1.455e-06 -1.18 0.2401 0.6036 ---
 channel2 -1.805e-07 -0.14 0.8879 0.9820 ---
 channel3 -4.463e-07 -0.34 0.7353 0.9820 ---
 channel4 -1.307e-07 -0.11 0.9141 0.9820 ---
 channel5 -1.089e-07 -0.08 0.9375 0.9820 ---
 channel6 -2.210e-08 -0.02 0.9820 0.9820 ---
 channel7  1.011e-06  0.91 0.3641 0.6874 ---
 channel8  1.318e-06  1.34 0.1816 0.5810 ---
 channel9  1.246e-06  1.41 0.1613 0.5810 ---
channel10  1.257e-06  1.12 0.2641 0.6036 ---
channel11 -1.463e-07 -0.17 0.8683 0.9820 ---
channel12  1.118e-07  0.09 0.9272 0.9820 ---
channel13  7.354e-07  0.87 0.3867 0.6874 ---
channel14  2.142e-06  1.99 0.0484 0.2583 ---
channel15  2.118e-06  2.21 0.0289 0.2310 ---
channel16  2.519e-06  2.39 0.0181 0.2310 ---

[✓] Interaction results saved → results_psd_agg_lrv_v5/interaction_results.csv


====== PSD+AGG vs PSD-AGG — v7 (LRV corsi_GLT) ======

============================================================
  PSD+AGG vs PSD-AGG  |  fNIRS beta-coefficient analysis
============================================================
  Input : lrv-pcon_v7_allchannels.csv
  Groups: PSD+AGG (n=77)  vs  PSD-AGG (n=66)
  Covariates : sans, saps, wais_matrix, sud, dose
  Channels   : 16
  Alpha (FDR): 0.05
============================================================

── Descriptive statistics (covariates) ──
          sans         saps        wais_matrix         sud         dose       
          mean    std  mean    std        mean   std  mean   std   mean    std
group                                                                         
PSD+AGG  24.03  12.26  7.70  10.30        7.69  3.27  0.73  0.45  13.88  11.54
PSD-AGG  20.23  12.83  9.91  13.44        9.41  4.12  0.29  0.46   8.36   8.19


── Permutation tests  (5,000 perms, n=143 complete cases) ──
  Cluster-forming |t| threshold: 1.978
  Cluster 1: [Ch3]  mass=-2.096  p=0.3054  —

── Per-channel results (ANCOVA — all corrections) ──
  channel  n_pos  n_neg       beta  p_raw  p_FDR sig_FDR p_Hoch sig_Hoch p_Homm sig_Homm p_Pmax sig_Pmax p_Clust sig_Clust cohens_d
 channel1     77     66 -5.017e-06 0.5306 0.8857     --- 0.9857      --- 0.9857      --- 0.9998      ---  1.0000       ---   -0.126
 channel2     77     66 -3.150e-06 0.6641 0.9226     --- 0.9857      --- 0.9857      --- 1.0000      ---  1.0000       ---   -0.049
 channel3     77     66 -1.905e-05 0.0379 0.6068     --- 0.6068      --- 0.6068      --- 0.3036      ---  0.3054       ---   -0.242
 channel4     77     66 -5.371e-06 0.4649 0.8857     --- 0.9857      --- 0.9857      --- 0.9990      ---  1.0000       ---   -0.104
 channel5     77     66 -7.784e-06 0.3225 0.8857     --- 0.9857      --- 0.9857      --- 0.9794      ---  1.0000       ---   -0.123
 channel6     77     66 -1.896e-06 0.7747 0.9226     --- 0.9857      --- 0.9857      --- 1.0000      ---  1.0000       ---   -0.108
 channel7     77     66 -3.926e-06 0.5536 0.8857     --- 0.9857      --- 0.9857      --- 0.9998      ---  1.0000       ---   -0.060
 channel8     77     66 -3.585e-06 0.5531 0.8857     --- 0.9857      --- 0.9857      --- 0.9998      ---  1.0000       ---   -0.080
 channel9     77     66  4.250e-07 0.9440 0.9857     --- 0.9857      --- 0.9857      --- 1.0000      ---  1.0000       ---   -0.047
channel10     77     66  1.738e-06 0.7766 0.9226     --- 0.9857      --- 0.9857      --- 1.0000      ---  1.0000       ---    0.098
channel11     77     66 -9.710e-08 0.9857 0.9857     --- 0.9857      --- 0.9857      --- 1.0000      ---  1.0000       ---    0.039
channel12     77     66  5.271e-06 0.4345 0.8857     --- 0.9857      --- 0.9857      --- 0.9982      ---  1.0000       ---    0.093
channel13     77     66 -6.326e-06 0.2815 0.8857     --- 0.9857      --- 0.9857      --- 0.9584      ---  1.0000       ---   -0.140
channel14     77     66 -1.572e-06 0.8073 0.9226     --- 0.9857      --- 0.9857      --- 1.0000      ---  1.0000       ---   -0.025
channel15     77     66 -5.483e-06 0.3071 0.8857     --- 0.9857      --- 0.9857      --- 0.9730      ---  1.0000       ---   -0.155
channel16     77     66 -7.837e-06 0.1627 0.8857     --- 0.9857      --- 0.9857      --- 0.8042      ---  1.0000       ---   -0.151

── Per-channel results (Mann-Whitney — all three corrections) ──
  channel  p_raw p_FDR-BH sig_FDR p_Hochberg sig_Hoch p_Hommel sig_Homm   rb_r
 channel1 0.8490   0.9628     ---     0.9628      ---   0.9628      ---  0.019
 channel2 0.8903   0.9628     ---     0.9628      ---   0.9628      --- -0.014
 channel3 0.4143   0.8880     ---     0.9628      ---   0.9628      ---  0.079
 channel4 0.4995   0.8880     ---     0.9628      ---   0.9628      ---  0.066
 channel5 0.2442   0.8880     ---     0.9628      ---   0.9628      ---  0.113
 channel6 0.2894   0.8880     ---     0.9628      ---   0.9628      ---  0.103
 channel7 0.3788   0.8880     ---     0.9628      ---   0.9628      ---  0.085
 channel8 0.1925   0.8880     ---     0.9628      ---   0.9628      ---  0.127
 channel9 0.9628   0.9628     ---     0.9628      ---   0.9628      --- -0.005
channel10 0.9289   0.9628     ---     0.9628      ---   0.9628      --- -0.009
channel11 0.2137   0.8880     ---     0.9628      ---   0.9628      --- -0.121
channel12 0.7780   0.9628     ---     0.9628      ---   0.9628      --- -0.028
channel13 0.4780   0.8880     ---     0.9628      ---   0.9628      ---  0.069
channel14 0.6971   0.9628     ---     0.9628      ---   0.9628      ---  0.038
channel15 0.6616   0.9628     ---     0.9628      ---   0.9628      ---  0.043
channel16 0.2845   0.8880     ---     0.9628      ---   0.9628      ---  0.104

[✓] Results saved → results_psd_agg_lrv_v7/results_psd_agg_vs_psd_nagg.csv
[✓] Figures saved → results_psd_agg_lrv_v7/figures/

── Interaction analysis: PSD+AGG vs PSD-AGG ──
   Model : channel ~ C(group) × (sans + saps + wais_matrix + sud + dose)
   FDR-BH correction across 16 channels per interaction term

  group × SANS  
  channel       beta     t  p_raw  p_FDR sig
 channel1  1.052e-06  1.87 0.0637 0.4284 ---
 channel2  9.207e-07  1.76 0.0803 0.4284 ---
 channel3  1.643e-06  2.62 0.0099 0.1591 ---
 channel4  5.078e-07  0.96 0.3373 0.5624 ---
 channel5  6.134e-07  1.09 0.2774 0.5624 ---
 channel6 -7.205e-08 -0.15 0.8802 0.8802 ---
 channel7  8.677e-08  0.18 0.8568 0.8802 ---
 channel8 -6.875e-08 -0.16 0.8745 0.8802 ---
 channel9  4.963e-07  1.15 0.2524 0.5624 ---
channel10  4.228e-07  0.97 0.3352 0.5624 ---
channel11  1.090e-07  0.28 0.7834 0.8802 ---
channel12  2.076e-07  0.42 0.6727 0.8802 ---
channel13  6.120e-07  1.45 0.1505 0.5624 ---
channel14  2.958e-07  0.65 0.5179 0.7533 ---
channel15  4.416e-07  1.15 0.2532 0.5624 ---
channel16  3.784e-07  0.93 0.3515 0.5624 ---

  group × SAPS  
  channel       beta     t  p_raw  p_FDR sig
 channel1  7.441e-07  1.19 0.2370 0.6319 ---
 channel2  2.167e-08  0.04 0.9703 0.9703 ---
 channel3 -9.117e-07 -1.30 0.1945 0.6225 ---
 channel4  8.966e-07  1.53 0.1290 0.6225 ---
 channel5  1.164e-06  1.86 0.0652 0.5218 ---
 channel6  7.534e-07  1.42 0.1584 0.6225 ---
 channel7  5.212e-07  0.98 0.3309 0.6619 ---
 channel8  5.024e-07  1.04 0.3008 0.6619 ---
 channel9  1.627e-07  0.34 0.7355 0.8406 ---
channel10 -1.861e-07 -0.38 0.7026 0.8406 ---
channel11  3.090e-07  0.70 0.4842 0.7195 ---
channel12  3.918e-07  0.72 0.4741 0.7195 ---
channel13  3.195e-07  0.68 0.4988 0.7195 ---
channel14  1.194e-06  2.35 0.0202 0.3225 ---
channel15  2.634e-07  0.61 0.5396 0.7195 ---
channel16 -2.708e-08 -0.06 0.9521 0.9703 ---

  group × WAIS_MATRIX  
  channel       beta     t  p_raw  p_FDR sig
 channel1  8.632e-08  0.04 0.9647 0.9647 ---
 channel2  2.117e-07  0.12 0.9068 0.9647 ---
 channel3 -3.468e-06 -1.60 0.1125 0.8998 ---
 channel4 -6.264e-07 -0.34 0.7315 0.9647 ---
 channel5 -2.429e-07 -0.12 0.9007 0.9647 ---
 channel6 -1.309e-06 -0.79 0.4286 0.9647 ---
 channel7 -1.802e-06 -1.09 0.2792 0.9647 ---
 channel8 -1.953e-06 -1.30 0.1956 0.9647 ---
 channel9 -1.525e-06 -1.02 0.3086 0.9647 ---
channel10 -8.245e-07 -0.55 0.5860 0.9647 ---
channel11  2.629e-07  0.19 0.8478 0.9647 ---
channel12 -4.499e-07 -0.27 0.7910 0.9647 ---
channel13  3.595e-07  0.25 0.8061 0.9647 ---
channel14  2.818e-06  1.79 0.0761 0.8998 ---
channel15  6.442e-07  0.48 0.6288 0.9647 ---
channel16  3.819e-07  0.27 0.7851 0.9647 ---

  group × SUD  
  channel       beta     t  p_raw  p_FDR sig
 channel1  2.917e-05  1.90 0.0595 0.4762 ---
 channel2  1.813e-05  1.27 0.2055 0.7658 ---
 channel3  6.202e-06  0.36 0.7179 0.7658 ---
 channel4  1.465e-05  1.02 0.3102 0.7658 ---
 channel5  1.456e-05  0.95 0.3442 0.7658 ---
 channel6 -5.306e-06 -0.41 0.6841 0.7658 ---
 channel7  6.614e-06  0.51 0.6142 0.7658 ---
 channel8 -1.383e-05 -1.17 0.2454 0.7658 ---
 channel9  4.298e-06  0.37 0.7156 0.7658 ---
channel10 -2.617e-05 -2.20 0.0299 0.4762 ---
channel11  2.450e-06  0.23 0.8208 0.8208 ---
channel12 -7.182e-06 -0.54 0.5921 0.7658 ---
channel13  9.095e-06  0.79 0.4321 0.7658 ---
channel14  7.205e-06  0.58 0.5636 0.7658 ---
channel15  1.791e-05  1.71 0.0903 0.4818 ---
channel16  7.698e-06  0.70 0.4867 0.7658 ---

  group × DOSE  
  channel       beta     t  p_raw  p_FDR sig
 channel1 -1.962e-06 -2.45 0.0157 0.1252 ---
 channel2 -5.333e-07 -0.72 0.4747 0.9174 ---
 channel3 -2.421e-06 -2.71 0.0077 0.1231 ---
 channel4 -1.097e-06 -1.46 0.1464 0.6288 ---
 channel5 -9.342e-07 -1.17 0.2455 0.6548 ---
 channel6 -8.962e-07 -1.32 0.1895 0.6288 ---
 channel7 -2.504e-07 -0.37 0.7146 0.9429 ---
 channel8  8.022e-08  0.13 0.8970 0.9568 ---
 channel9  7.980e-07  1.30 0.1965 0.6288 ---
channel10  3.514e-07  0.56 0.5734 0.9174 ---
channel11 -1.416e-08 -0.03 0.9800 0.9800 ---
channel12 -4.350e-07 -0.62 0.5344 0.9174 ---
channel13  1.335e-07  0.22 0.8250 0.9429 ---
channel14  1.469e-07  0.23 0.8215 0.9429 ---
channel15  1.214e-07  0.22 0.8250 0.9429 ---
channel16  5.876e-07  1.02 0.3097 0.7079 ---

[✓] Interaction results saved → results_psd_agg_lrv_v7/interaction_results.csv


====== PSD-AGG vs HC — v5 (pcon hard-easy) ======

============================================================
  PSD+AGG vs PSD-AGG  |  fNIRS beta-coefficient analysis
============================================================
  Input : pcon-con_v5_allchannels.csv
  Groups: PSD-AGG (n=66)  vs  HC (n=85)
  Covariates : sans, saps, wais_matrix, sud
  Channels   : 16
  Alpha (FDR): 0.05
============================================================

── Descriptive statistics (covariates) ──
          sans         saps        wais_matrix         sud      
          mean    std  mean    std        mean   std  mean   std
group                                                           
HC        3.05   3.73  0.60   2.34       11.91  2.92  0.06  0.24
PSD-AGG  20.23  12.83  9.91  13.44        9.41  4.12  0.29  0.46


── Permutation tests  (5,000 perms, n=151 complete cases) ──
  Cluster-forming |t| threshold: 1.976
  Cluster 1: [Ch2]  mass=-2.012  p=0.2992  —
  Cluster 2: [Ch4]  mass=-2.513  p=0.1340  —
  Cluster 3: [Ch13, Ch14, Ch15, Ch16]  mass=-8.808  p=0.0290  ✓

── Per-channel results (ANCOVA — all corrections) ──
  channel  n_pos  n_neg       beta  p_raw  p_FDR sig_FDR p_Hoch sig_Hoch p_Homm sig_Homm p_Pmax sig_Pmax p_Clust sig_Clust cohens_d
 channel1     66     85 -1.704e-05 0.1596 0.2554     --- 0.7443      --- 0.7443      --- 0.7306      ---  1.0000       ---   -0.125
 channel2     66     85 -2.486e-05 0.0461 0.1284     --- 0.5298      --- 0.4150      --- 0.2990      ---  0.2992       ---   -0.179
 channel3     66     85 -2.133e-05 0.1038 0.2075     --- 0.7443      --- 0.6226      --- 0.5564      ---  1.0000       ---   -0.148
 channel4     66     85 -2.936e-05 0.0131 0.1077     --- 0.2019      --- 0.1700      --- 0.0996      ---  0.1340       ---   -0.183
 channel5     66     85 -6.541e-06 0.5499 0.6284     --- 0.7443      --- 0.7443      --- 0.9996      ---  1.0000       ---   -0.102
 channel6     66     85 -4.565e-06 0.6308 0.6728     --- 0.7443      --- 0.7443      --- 1.0000      ---  1.0000       ---   -0.002
 channel7     66     85 -9.173e-06 0.4423 0.5443     --- 0.7443      --- 0.7443      --- 0.9954      ---  1.0000       ---   -0.118
 channel8     66     85 -1.710e-05 0.0878 0.2006     --- 0.7443      --- 0.5925      --- 0.4944      ---  1.0000       ---   -0.191
 channel9     66     85 -3.807e-06 0.7443 0.7443     --- 0.7443      --- 0.7443      --- 1.0000      ---  1.0000       ---   -0.031
channel10     66     85 -1.695e-05 0.1517 0.2554     --- 0.7443      --- 0.7443      --- 0.7144      ---  1.0000       ---   -0.191
channel11     66     85 -1.184e-05 0.2539 0.3386     --- 0.7443      --- 0.7443      --- 0.9036      ---  1.0000       ---   -0.121
channel12     66     85 -1.590e-05 0.2336 0.3386     --- 0.7443      --- 0.7443      --- 0.8784      ---  1.0000       ---   -0.142
channel13     66     85 -2.309e-05 0.0312 0.1284     --- 0.4372      --- 0.3435      --- 0.2218      ---  0.0290       YES   -0.165
channel14     66     85 -2.902e-05 0.0135 0.1077     --- 0.2019      --- 0.1750      --- 0.1030      ---  0.0290       YES   -0.179
channel15     66     85 -2.481e-05 0.0342 0.1284     --- 0.4450      --- 0.3512      --- 0.2356      ---  0.0290       YES   -0.103
channel16     66     85 -2.515e-05 0.0482 0.1284     --- 0.5298      --- 0.4335      --- 0.3064      ---  0.0290       YES   -0.071

── Per-channel results (Mann-Whitney — all three corrections) ──
  channel  p_raw p_FDR-BH sig_FDR p_Hochberg sig_Hoch p_Hommel sig_Homm   rb_r
 channel1 0.3965   0.9631     ---     0.9970      ---   0.9970      ---  0.081
 channel2 0.6659   0.9631     ---     0.9970      ---   0.9970      ---  0.041
 channel3 0.4485   0.9631     ---     0.9970      ---   0.9970      ---  0.072
 channel4 0.5773   0.9631     ---     0.9970      ---   0.9970      ---  0.053
 channel5 0.7826   0.9631     ---     0.9970      ---   0.9970      ---  0.026
 channel6 0.6549   0.9631     ---     0.9970      ---   0.9970      --- -0.043
 channel7 0.5456   0.9631     ---     0.9970      ---   0.9970      ---  0.058
 channel8 0.4720   0.9631     ---     0.9970      ---   0.9970      ---  0.068
 channel9 0.9970   0.9970     ---     0.9970      ---   0.9970      ---  0.001
channel10 0.3776   0.9631     ---     0.9970      ---   0.9970      ---  0.084
channel11 0.6124   0.9631     ---     0.9970      ---   0.9970      ---  0.048
channel12 0.8881   0.9631     ---     0.9970      ---   0.9970      ---  0.014
channel13 0.4794   0.9631     ---     0.9970      ---   0.9970      ---  0.067
channel14 0.4552   0.9631     ---     0.9970      ---   0.9970      ---  0.071
channel15 0.9029   0.9631     ---     0.9970      ---   0.9970      ---  0.012
channel16 0.8748   0.9631     ---     0.9970      ---   0.9970      --- -0.015

[✓] Results saved → results_psd_nagg_vs_hc_pcon_v5/results_psd_agg_vs_psd_nagg.csv
[✓] Figures saved → results_psd_nagg_vs_hc_pcon_v5/figures/

── Interaction analysis: PSD-AGG vs HC ──
   Model : channel ~ C(group) × (sans + saps + wais_matrix + sud)
   FDR-BH correction across 16 channels per interaction term

  group × SANS  
  channel       beta     t  p_raw  p_FDR sig
 channel1  8.852e-07  0.56 0.5747 0.9318 ---
 channel2  2.361e-06  1.46 0.1475 0.9318 ---
 channel3  3.474e-08  0.02 0.9839 0.9839 ---
 channel4  1.854e-06  1.21 0.2297 0.9318 ---
 channel5 -4.343e-07 -0.30 0.7636 0.9318 ---
 channel6  7.651e-07  0.61 0.5419 0.9318 ---
 channel7 -6.782e-07 -0.43 0.6672 0.9318 ---
 channel8  4.148e-07  0.32 0.7507 0.9318 ---
 channel9 -7.238e-07 -0.47 0.6384 0.9318 ---
channel10  5.066e-07  0.33 0.7443 0.9318 ---
channel11  5.666e-07  0.41 0.6790 0.9318 ---
channel12  1.012e-06  0.58 0.5653 0.9318 ---
channel13 -1.141e-06 -0.82 0.4144 0.9318 ---
channel14 -4.158e-07 -0.27 0.7868 0.9318 ---
channel15 -5.052e-08 -0.03 0.9738 0.9839 ---
channel16 -3.906e-07 -0.23 0.8154 0.9318 ---

  group × SAPS  
  channel       beta     t  p_raw  p_FDR sig
 channel1 -5.993e-07 -0.25 0.8024 0.9808 ---
 channel2 -3.935e-07 -0.16 0.8733 0.9808 ---
 channel3  1.180e-07  0.05 0.9640 0.9808 ---
 channel4 -3.093e-07 -0.13 0.8948 0.9808 ---
 channel5  4.975e-07  0.23 0.8206 0.9808 ---
 channel6  4.587e-08  0.02 0.9808 0.9808 ---
 channel7  2.148e-07  0.09 0.9286 0.9808 ---
 channel8 -2.398e-07 -0.12 0.9037 0.9808 ---
 channel9  7.405e-07  0.32 0.7516 0.9808 ---
channel10  3.750e-07  0.16 0.8737 0.9808 ---
channel11  9.158e-08  0.04 0.9649 0.9808 ---
channel12  6.269e-07  0.24 0.8144 0.9808 ---
channel13  5.863e-07  0.28 0.7822 0.9808 ---
channel14 -2.087e-07 -0.09 0.9288 0.9808 ---
channel15  2.589e-07  0.11 0.9118 0.9808 ---
channel16  9.053e-08  0.04 0.9716 0.9808 ---

  group × WAIS_MATRIX  
  channel       beta     t  p_raw  p_FDR sig
 channel1 -4.376e-06 -1.72 0.0873 0.9831 ---
 channel2 -5.538e-08 -0.02 0.9831 0.9831 ---
 channel3 -1.793e-06 -0.65 0.5195 0.9831 ---
 channel4 -9.688e-07 -0.39 0.6968 0.9831 ---
 channel5 -6.332e-07 -0.27 0.7860 0.9831 ---
 channel6 -7.423e-07 -0.37 0.7139 0.9831 ---
 channel7 -3.964e-07 -0.16 0.8763 0.9831 ---
 channel8  7.945e-07  0.38 0.7062 0.9831 ---
 channel9  1.130e-06  0.46 0.6497 0.9831 ---
channel10  1.091e-06  0.44 0.6634 0.9831 ---
channel11  1.167e-06  0.53 0.5977 0.9831 ---
channel12  1.755e-06  0.62 0.5366 0.9831 ---
channel13 -2.357e-06 -1.05 0.2966 0.9831 ---
channel14  2.162e-07  0.09 0.9306 0.9831 ---
channel15 -5.603e-07 -0.23 0.8215 0.9831 ---
channel16  4.757e-07  0.18 0.8602 0.9831 ---

  group × SUD  
  channel       beta     t  p_raw  p_FDR sig
 channel1 -7.785e-06 -0.29 0.7742 0.9425 ---
 channel2  1.778e-05  0.64 0.5248 0.9425 ---
 channel3  1.126e-05  0.38 0.7042 0.9425 ---
 channel4  2.544e-06  0.10 0.9235 0.9425 ---
 channel5  1.476e-05  0.60 0.5527 0.9425 ---
 channel6 -4.141e-06 -0.19 0.8478 0.9425 ---
 channel7  6.533e-06  0.24 0.8098 0.9425 ---
 channel8  3.825e-05  1.71 0.0903 0.9425 ---
 channel9 -1.372e-05 -0.52 0.6048 0.9425 ---
channel10  2.722e-05  1.02 0.3094 0.9425 ---
channel11  6.329e-06  0.27 0.7882 0.9425 ---
channel12 -2.183e-06 -0.07 0.9425 0.9425 ---
channel13  1.628e-05  0.68 0.4983 0.9425 ---
channel14 -3.864e-06 -0.15 0.8839 0.9425 ---
channel15  5.009e-06  0.19 0.8500 0.9425 ---
channel16  5.951e-06  0.21 0.8362 0.9425 ---

[✓] Interaction results saved → results_psd_nagg_vs_hc_pcon_v5/interaction_results.csv


====== PSD-AGG vs HC — v7 (pcon corsi_GLT) ======

============================================================
  PSD+AGG vs PSD-AGG  |  fNIRS beta-coefficient analysis
============================================================
  Input : pcon-con_v7_allchannels.csv
  Groups: PSD-AGG (n=66)  vs  HC (n=85)
  Covariates : sans, saps, wais_matrix, sud
  Channels   : 16
  Alpha (FDR): 0.05
============================================================

── Descriptive statistics (covariates) ──
          sans         saps        wais_matrix         sud      
          mean    std  mean    std        mean   std  mean   std
group                                                           
HC        3.05   3.73  0.60   2.34       11.91  2.92  0.06  0.24
PSD-AGG  20.23  12.83  9.91  13.44        9.41  4.12  0.29  0.46


── Permutation tests  (5,000 perms, n=151 complete cases) ──
  No clusters above |t|=1.976 threshold.

── Per-channel results (ANCOVA — all corrections) ──
  channel  n_pos  n_neg       beta  p_raw  p_FDR sig_FDR p_Hoch sig_Hoch p_Homm sig_Homm p_Pmax sig_Pmax p_Clust sig_Clust cohens_d
 channel1     66     85  5.879e-06 0.4822 0.9399     --- 0.9399      --- 0.9399      --- 0.9988      ---  1.0000       ---    0.009
 channel2     66     85 -6.038e-07 0.9399 0.9399     --- 0.9399      --- 0.9399      --- 1.0000      ---  1.0000       ---   -0.162
 channel3     66     85  3.708e-06 0.7027 0.9399     --- 0.9399      --- 0.9399      --- 1.0000      ---  1.0000       ---    0.004
 channel4     66     85 -7.765e-07 0.9181 0.9399     --- 0.9399      --- 0.9399      --- 1.0000      ---  1.0000       ---   -0.015
 channel5     66     85 -1.461e-06 0.8526 0.9399     --- 0.9399      --- 0.9399      --- 1.0000      ---  1.0000       ---   -0.119
 channel6     66     85 -1.683e-06 0.8026 0.9399     --- 0.9399      --- 0.9399      --- 1.0000      ---  1.0000       ---   -0.150
 channel7     66     85 -1.817e-06 0.8027 0.9399     --- 0.9399      --- 0.9399      --- 1.0000      ---  1.0000       ---   -0.141
 channel8     66     85 -4.362e-06 0.5406 0.9399     --- 0.9399      --- 0.9399      --- 1.0000      ---  1.0000       ---   -0.148
 channel9     66     85  5.703e-06 0.4806 0.9399     --- 0.9399      --- 0.9399      --- 0.9988      ---  1.0000       ---   -0.088
channel10     66     85 -9.041e-06 0.2288 0.9399     --- 0.9399      --- 0.9399      --- 0.8936      ---  1.0000       ---   -0.338
channel11     66     85 -4.421e-06 0.5241 0.9399     --- 0.9399      --- 0.9399      --- 0.9998      ---  1.0000       ---   -0.253
channel12     66     85 -3.385e-06 0.6821 0.9399     --- 0.9399      --- 0.9399      --- 1.0000      ---  1.0000       ---   -0.182
channel13     66     85  5.808e-06 0.4443 0.9399     --- 0.9399      --- 0.9399      --- 0.9964      ---  1.0000       ---    0.041
channel14     66     85  1.882e-06 0.7870 0.9399     --- 0.9399      --- 0.9399      --- 1.0000      ---  1.0000       ---    0.076
channel15     66     85  2.966e-06 0.6698 0.9399     --- 0.9399      --- 0.9399      --- 1.0000      ---  1.0000       ---    0.065
channel16     66     85  1.294e-06 0.8518 0.9399     --- 0.9399      --- 0.9399      --- 1.0000      ---  1.0000       ---    0.196

── Per-channel results (Mann-Whitney — all three corrections) ──
  channel  p_raw p_FDR-BH sig_FDR p_Hochberg sig_Hoch p_Hommel sig_Homm   rb_r
 channel1 0.6417   0.8633     ---     0.9506      ---   0.9506      ---  0.044
 channel2 0.4228   0.8633     ---     0.9506      ---   0.9506      ---  0.076
 channel3 0.7075   0.8633     ---     0.9506      ---   0.9506      ---  0.036
 channel4 0.7554   0.8633     ---     0.9506      ---   0.9506      --- -0.030
 channel5 0.9506   0.9506     ---     0.9506      ---   0.9506      --- -0.006
 channel6 0.3034   0.8633     ---     0.9506      ---   0.9506      ---  0.098
 channel7 0.7198   0.8633     ---     0.9506      ---   0.9506      ---  0.034
 channel8 0.4931   0.8633     ---     0.9506      ---   0.9506      ---  0.065
 channel9 0.6269   0.8633     ---     0.9506      ---   0.9506      ---  0.046
channel10 0.0901   0.8139     ---     0.9506      ---   0.9232      ---  0.161
channel11 0.1017   0.8139     ---     0.9506      ---   0.9442      ---  0.156
channel12 0.5283   0.8633     ---     0.9506      ---   0.9506      ---  0.060
channel13 0.4361   0.8633     ---     0.9506      ---   0.9506      --- -0.074
channel14 0.4851   0.8633     ---     0.9506      ---   0.9506      --- -0.066
channel15 0.9223   0.9506     ---     0.9506      ---   0.9506      --- -0.009
channel16 0.2958   0.8633     ---     0.9506      ---   0.9506      --- -0.099

[✓] Results saved → results_psd_nagg_vs_hc_pcon_v7/results_psd_agg_vs_psd_nagg.csv
[✓] Figures saved → results_psd_nagg_vs_hc_pcon_v7/figures/

── Interaction analysis: PSD-AGG vs HC ──
   Model : channel ~ C(group) × (sans + saps + wais_matrix + sud)
   FDR-BH correction across 16 channels per interaction term

  group × SANS  
  channel       beta     t  p_raw  p_FDR sig
 channel1 -4.022e-08 -0.04 0.9709 0.9709 ---
 channel2  8.295e-07  0.79 0.4324 0.6290 ---
 channel3 -1.568e-07 -0.12 0.9024 0.9626 ---
 channel4  1.035e-06  1.05 0.2974 0.4759 ---
 channel5  1.879e-06  1.84 0.0684 0.2189 ---
 channel6  2.183e-06  2.52 0.0130 0.1039 ---
 channel7  2.604e-06  2.80 0.0058 0.0922 ---
 channel8  1.905e-06  2.08 0.0396 0.2112 ---
 channel9  1.751e-06  1.66 0.0984 0.2625 ---
channel10  1.200e-06  1.23 0.2219 0.4438 ---
channel11  1.724e-06  1.91 0.0585 0.2189 ---
channel12  1.445e-06  1.34 0.1823 0.4166 ---
channel13 -4.162e-07 -0.42 0.6744 0.8992 ---
channel14  3.045e-07  0.33 0.7387 0.9092 ---
channel15  1.459e-07  0.16 0.8731 0.9626 ---
channel16 -1.014e-06 -1.12 0.2661 0.4730 ---

  group × SAPS  
  channel       beta     t  p_raw  p_FDR sig
 channel1 -3.909e-08 -0.02 0.9814 0.9814 ---
 channel2  7.130e-07  0.45 0.6566 0.8562 ---
 channel3  1.360e-06  0.70 0.4843 0.8066 ---
 channel4  4.554e-08  0.03 0.9759 0.9814 ---
 channel5  9.209e-07  0.59 0.5545 0.8066 ---
 channel6  1.145e-06  0.87 0.3863 0.7979 ---
 channel7  5.529e-07  0.39 0.6957 0.8562 ---
 channel8  1.930e-06  1.39 0.1680 0.7882 ---
 channel9  1.674e-06  1.05 0.2968 0.7915 ---
channel10  1.730e-06  1.16 0.2463 0.7882 ---
channel11  4.025e-07  0.29 0.7698 0.8798 ---
channel12  1.999e-06  1.22 0.2241 0.7882 ---
channel13  1.965e-06  1.31 0.1928 0.7882 ---
channel14  8.611e-07  0.62 0.5348 0.8066 ---
channel15  2.016e-06  1.46 0.1476 0.7882 ---
channel16  1.167e-06  0.85 0.3989 0.7979 ---

  group × WAIS_MATRIX  
  channel       beta     t  p_raw  p_FDR sig
 channel1 -1.824e-06 -1.03 0.3059 0.8221 ---
 channel2  1.111e-06  0.65 0.5148 0.8236 ---
 channel3 -3.813e-07 -0.18 0.8535 0.9542 ---
 channel4 -1.258e-06 -0.79 0.4326 0.8221 ---
 channel5  1.443e-06  0.87 0.3840 0.8221 ---
 channel6  1.860e-07  0.13 0.8945 0.9542 ---
 channel7  2.635e-06  1.76 0.0810 0.6565 ---
 channel8  2.196e-06  1.48 0.1401 0.6565 ---
 channel9  1.252e-06  0.74 0.4624 0.8221 ---
channel10  4.663e-07  0.30 0.7683 0.9542 ---
channel11  1.105e-06  0.76 0.4504 0.8221 ---
channel12 -2.456e-07 -0.14 0.8880 0.9542 ---
channel13 -2.280e-06 -1.43 0.1553 0.6565 ---
channel14 -2.057e-06 -1.40 0.1641 0.6565 ---
channel15 -1.560e-08 -0.01 0.9916 0.9916 ---
channel16 -7.741e-07 -0.53 0.5984 0.8704 ---

  group × SUD  
  channel       beta     t  p_raw  p_FDR sig
 channel1  3.609e-06  0.19 0.8490 0.9969 ---
 channel2  4.845e-06  0.27 0.7897 0.9969 ---
 channel3  2.011e-05  0.91 0.3618 0.9969 ---
 channel4 -2.981e-06 -0.17 0.8614 0.9969 ---
 channel5  1.442e-05  0.82 0.4142 0.9969 ---
 channel6  5.814e-08  0.00 0.9969 0.9969 ---
 channel7  1.316e-05  0.82 0.4118 0.9969 ---
 channel8  1.280e-05  0.81 0.4186 0.9969 ---
 channel9  1.295e-06  0.07 0.9431 0.9969 ---
channel10  1.469e-05  0.87 0.3844 0.9969 ---
channel11  5.027e-06  0.32 0.7471 0.9969 ---
channel12 -4.904e-06 -0.26 0.7919 0.9969 ---
channel13 -1.741e-06 -0.10 0.9187 0.9969 ---
channel14 -4.599e-06 -0.29 0.7697 0.9969 ---
channel15  3.562e-06  0.23 0.8207 0.9969 ---
channel16  3.159e-06  0.20 0.8401 0.9969 ---

[✓] Interaction results saved → results_psd_nagg_vs_hc_pcon_v7/interaction_results.csv

