====== PSD+AGG vs HC — v5 (LRV hard-easy) — regions ======

============================================================
  PSD+AGG vs HC  |  fNIRS beta-coefficient analysis
============================================================
  Input : lrv-con_v5_allregions.csv
  Groups: PSD+AGG (n=77)  vs  HC (n=85)
  Covariates : sans, saps, wais_matrix, sud
  Targets    : 4  (Left dlPFC, Left mPFC, Right mPFC, Right dlPFC)
  Alpha (FDR): 0.05
============================================================

── Descriptive statistics (covariates) ──
          sans        saps        wais_matrix         sud      
          mean    std mean    std        mean   std  mean   std
group                                                          
HC        3.05   3.73  0.6   2.34       11.91  2.92  0.06  0.24
PSD+AGG  24.03  12.26  7.7  10.30        7.69  3.27  0.73  0.45


── Permutation tests  (5,000 perms, n=162 complete cases) ──
  [info] Cluster-based permutation SKIPPED (--no-cluster). Cluster columns will be NaN in the output.

── Per-channel results (ANCOVA — all corrections) ──
    channel  n_pos  n_neg       beta  p_raw  p_FDR sig_FDR p_Hoch sig_Hoch p_Homm sig_Homm p_Pmax sig_Pmax p_Clust sig_Clust cohens_d
 left_dlpfc     77     85 -3.784e-05 0.0214 0.0856     --- 0.0856      --- 0.0856      --- 0.0646      ---      NA       ---   -0.288
  left_mpfc     77     85 -1.702e-05 0.2424 0.4847     --- 0.7271      --- 0.7271      --- 0.5714      ---      NA       ---   -0.176
 right_mpfc     77     85 -2.815e-06 0.8057 0.8057     --- 0.8057      --- 0.8057      --- 0.9974      ---      NA       ---   -0.096
right_dlpfc     77     85 -7.984e-06 0.4912 0.6550     --- 0.8057      --- 0.8057      --- 0.8954      ---      NA       ---   -0.122

── Per-channel results (Mann-Whitney — all three corrections) ──
    channel  p_raw p_FDR-BH sig_FDR p_Hochberg sig_Hoch p_Hommel sig_Homm  rb_r
 left_dlpfc 0.2961   0.4750     ---     0.4750      ---   0.4750      --- 0.095
  left_mpfc 0.2854   0.4750     ---     0.4750      ---   0.4750      --- 0.097
 right_mpfc 0.4257   0.4750     ---     0.4750      ---   0.4750      --- 0.073
right_dlpfc 0.4750   0.4750     ---     0.4750      ---   0.4750      --- 0.065

[✓] Results saved → results_psd_agg_vs_hc_lrv_v5_regions/results_psd_agg_vs_psd_nagg.csv
[✓] Figures saved → results_psd_agg_vs_hc_lrv_v5_regions/figures/

── Interaction analysis: PSD+AGG vs HC ──
   Model : channel ~ C(group) × (sans + saps + wais_matrix + sud)
   FDR-BH correction across 4 targets per interaction term

  group × SANS  
    channel       beta     t  p_raw  p_FDR sig
 left_dlpfc  1.214e-06  0.76 0.4499 0.8999 ---
  left_mpfc -1.102e-07 -0.08 0.9387 0.9892 ---
 right_mpfc -1.526e-08 -0.01 0.9892 0.9892 ---
right_dlpfc -1.770e-06 -1.57 0.1195 0.4779 ---

  group × SAPS  
    channel      beta    t  p_raw  p_FDR sig
 left_dlpfc 4.975e-07 0.20 0.8403 0.8403 ---
  left_mpfc 1.347e-06 0.61 0.5413 0.8403 ---
 right_mpfc 4.538e-07 0.26 0.7940 0.8403 ---
right_dlpfc 6.796e-07 0.39 0.6963 0.8403 ---

  group × WAIS_MATRIX  
    channel       beta     t  p_raw  p_FDR sig
 left_dlpfc  7.267e-07  0.27 0.7858 0.9229 ---
  left_mpfc -2.310e-07 -0.10 0.9229 0.9229 ---
 right_mpfc  4.301e-07  0.23 0.8193 0.9229 ---
right_dlpfc -2.202e-06 -1.17 0.2440 0.9229 ---

  group × SUD  
    channel       beta     t  p_raw  p_FDR sig
 left_dlpfc  2.557e-05  0.93 0.3528 0.7663 ---
  left_mpfc  1.450e-05  0.59 0.5547 0.7663 ---
 right_mpfc -6.253e-06 -0.32 0.7466 0.7663 ---
right_dlpfc  5.760e-06  0.30 0.7663 0.7663 ---

[✓] Interaction results saved → results_psd_agg_vs_hc_lrv_v5_regions/interaction_results.csv


====== PSD+AGG vs HC — v7 (LRV corsi_GLT) — regions ======

============================================================
  PSD+AGG vs HC  |  fNIRS beta-coefficient analysis
============================================================
  Input : lrv-con_v7_allregions.csv
  Groups: PSD+AGG (n=77)  vs  HC (n=85)
  Covariates : sans, saps, wais_matrix, sud
  Targets    : 4  (Left dlPFC, Left mPFC, Right mPFC, Right dlPFC)
  Alpha (FDR): 0.05
============================================================

── Descriptive statistics (covariates) ──
          sans        saps        wais_matrix         sud      
          mean    std mean    std        mean   std  mean   std
group                                                          
HC        3.05   3.73  0.6   2.34       11.91  2.92  0.06  0.24
PSD+AGG  24.03  12.26  7.7  10.30        7.69  3.27  0.73  0.45


── Permutation tests  (5,000 perms, n=162 complete cases) ──
  [info] Cluster-based permutation SKIPPED (--no-cluster). Cluster columns will be NaN in the output.

── Per-channel results (ANCOVA — all corrections) ──
    channel  n_pos  n_neg       beta  p_raw  p_FDR sig_FDR p_Hoch sig_Hoch p_Homm sig_Homm p_Pmax sig_Pmax p_Clust sig_Clust cohens_d
 left_dlpfc     77     85 -2.189e-05 0.0391 0.1563     --- 0.1563      --- 0.1563      --- 0.1180      ---      NA       ---   -0.207
  left_mpfc     77     85 -1.427e-05 0.1373 0.1831     --- 0.2746      --- 0.2746      --- 0.3696      ---      NA       ---   -0.248
 right_mpfc     77     85 -7.253e-06 0.3763 0.3763     --- 0.3763      --- 0.3763      --- 0.7864      ---      NA       ---   -0.206
right_dlpfc     77     85 -1.379e-05 0.0869 0.1738     --- 0.2607      --- 0.2059      --- 0.2470      ---      NA       ---   -0.026

── Per-channel results (Mann-Whitney — all three corrections) ──
    channel  p_raw p_FDR-BH sig_FDR p_Hochberg sig_Hoch p_Hommel sig_Homm   rb_r
 left_dlpfc 0.3383   0.4510     ---     0.6766      ---   0.6766      ---  0.087
  left_mpfc 0.0629   0.2517     ---     0.2517      ---   0.2517      ---  0.170
 right_mpfc 0.2534   0.4510     ---     0.6766      ---   0.5074      ---  0.104
right_dlpfc 0.9639   0.9639     ---     0.9639      ---   0.9639      --- -0.004

[✓] Results saved → results_psd_agg_vs_hc_lrv_v7_regions/results_psd_agg_vs_psd_nagg.csv
[✓] Figures saved → results_psd_agg_vs_hc_lrv_v7_regions/figures/

── Interaction analysis: PSD+AGG vs HC ──
   Model : channel ~ C(group) × (sans + saps + wais_matrix + sud)
   FDR-BH correction across 4 targets per interaction term

  group × SANS  ← significant channels found
    channel      beta    t  p_raw  p_FDR   sig
 left_dlpfc 1.274e-06 1.24 0.2179 0.2905   ---
  left_mpfc 2.218e-06 2.40 0.0174 0.0388 YES ✓
 right_mpfc 1.864e-06 2.36 0.0194 0.0388 YES ✓
right_dlpfc 2.190e-07 0.28 0.7800 0.7800   ---

  group × SAPS  
    channel      beta    t  p_raw  p_FDR sig
 left_dlpfc 4.914e-07 0.31 0.7567 0.7567 ---
  left_mpfc 1.824e-06 1.29 0.2005 0.2673 ---
 right_mpfc 1.627e-06 1.34 0.1820 0.2673 ---
right_dlpfc 1.963e-06 1.63 0.1049 0.2673 ---

  group × WAIS_MATRIX  
    channel       beta     t  p_raw  p_FDR sig
 left_dlpfc -1.075e-06 -0.63 0.5315 0.9649 ---
  left_mpfc  4.600e-07  0.30 0.7651 0.9649 ---
 right_mpfc -5.799e-08 -0.04 0.9649 0.9649 ---
right_dlpfc -3.163e-07 -0.24 0.8086 0.9649 ---

  group × SUD  
    channel       beta     t  p_raw  p_FDR sig
 left_dlpfc  1.680e-05  0.95 0.3421 0.7700 ---
  left_mpfc  8.397e-06  0.53 0.5957 0.7943 ---
 right_mpfc -1.837e-06 -0.14 0.8920 0.8920 ---
right_dlpfc  1.167e-05  0.87 0.3850 0.7700 ---

[✓] Interaction results saved → results_psd_agg_vs_hc_lrv_v7_regions/interaction_results.csv


====== PSD+AGG vs PSD-AGG — v5 (LRV hard-easy) — regions ======

============================================================
  PSD+AGG vs PSD-AGG  |  fNIRS beta-coefficient analysis
============================================================
  Input : lrv-pcon_v5_allregions.csv
  Groups: PSD+AGG (n=77)  vs  PSD-AGG (n=66)
  Covariates : sans, saps, wais_matrix, sud, dose
  Targets    : 4  (Left dlPFC, Left mPFC, Right mPFC, Right dlPFC)
  Alpha (FDR): 0.05
============================================================

── Descriptive statistics (covariates) ──
          sans         saps        wais_matrix         sud         dose       
          mean    std  mean    std        mean   std  mean   std   mean    std
group                                                                         
PSD+AGG  24.03  12.26  7.70  10.30        7.69  3.27  0.73  0.45  13.88  11.54
PSD-AGG  20.23  12.83  9.91  13.44        9.41  4.12  0.29  0.46   8.36   8.19


── Permutation tests  (5,000 perms, n=143 complete cases) ──
  [info] Cluster-based permutation SKIPPED (--no-cluster). Cluster columns will be NaN in the output.

── Per-channel results (ANCOVA — all corrections) ──
    channel  n_pos  n_neg       beta  p_raw  p_FDR sig_FDR p_Hoch sig_Hoch p_Homm sig_Homm p_Pmax sig_Pmax p_Clust sig_Clust cohens_d
 left_dlpfc     77     66 -1.364e-05 0.2177 0.8710     --- 0.8710      --- 0.8710      --- 0.5638      ---      NA       ---   -0.119
  left_mpfc     77     66 -2.188e-06 0.8148 0.9678     --- 0.9678      --- 0.9678      --- 0.9984      ---      NA       ---   -0.074
 right_mpfc     77     66  2.171e-06 0.7991 0.9678     --- 0.9678      --- 0.9678      --- 0.9978      ---      NA       ---    0.059
right_dlpfc     77     66  3.575e-07 0.9678 0.9678     --- 0.9678      --- 0.9678      --- 1.0000      ---      NA       ---    0.040

── Per-channel results (Mann-Whitney — all three corrections) ──
    channel  p_raw p_FDR-BH sig_FDR p_Hochberg sig_Hoch p_Hommel sig_Homm  rb_r
 left_dlpfc 0.7444   0.8300     ---     0.8300      ---   0.8300      --- 0.032
  left_mpfc 0.2921   0.8300     ---     0.8300      ---   0.8300      --- 0.103
 right_mpfc 0.5915   0.8300     ---     0.8300      ---   0.8300      --- 0.052
right_dlpfc 0.8300   0.8300     ---     0.8300      ---   0.8300      --- 0.021

[✓] Results saved → results_psd_agg_lrv_v5_regions/results_psd_agg_vs_psd_nagg.csv
[✓] Figures saved → results_psd_agg_lrv_v5_regions/figures/

── Interaction analysis: PSD+AGG vs PSD-AGG ──
   Model : channel ~ C(group) × (sans + saps + wais_matrix + sud + dose)
   FDR-BH correction across 4 targets per interaction term

  group × SANS  
    channel       beta     t  p_raw  p_FDR sig
 left_dlpfc  2.321e-08  0.03 0.9769 0.9769 ---
  left_mpfc -1.998e-07 -0.30 0.7679 0.9769 ---
 right_mpfc -3.987e-07 -0.64 0.5221 0.9769 ---
right_dlpfc -1.517e-06 -2.42 0.0167 0.0668 ---

  group × SAPS  
    channel       beta     t  p_raw  p_FDR sig
 left_dlpfc  7.669e-07  0.86 0.3910 0.7764 ---
  left_mpfc  1.172e-06  1.56 0.1216 0.4863 ---
 right_mpfc -1.968e-07 -0.28 0.7764 0.7764 ---
right_dlpfc  3.371e-07  0.48 0.6292 0.7764 ---

  group × WAIS_MATRIX  
    channel       beta     t  p_raw  p_FDR sig
 left_dlpfc  2.274e-06  0.82 0.4125 0.9292 ---
  left_mpfc  2.078e-07  0.09 0.9292 0.9292 ---
 right_mpfc -7.453e-07 -0.35 0.7289 0.9292 ---
right_dlpfc -9.845e-07 -0.46 0.6497 0.9292 ---

  group × SUD  
    channel       beta     t  p_raw  p_FDR sig
 left_dlpfc  2.213e-05  1.01 0.3127 0.8283 ---
  left_mpfc -1.801e-06 -0.10 0.9223 0.9223 ---
 right_mpfc -1.332e-05 -0.79 0.4333 0.8283 ---
right_dlpfc -8.454e-06 -0.50 0.6213 0.8283 ---

  group × DOSE  
    channel       beta     t  p_raw  p_FDR sig
 left_dlpfc -5.531e-07 -0.49 0.6284 0.6284 ---
  left_mpfc  5.495e-07  0.57 0.5688 0.6284 ---
 right_mpfc  6.172e-07  0.70 0.4866 0.6284 ---
right_dlpfc  1.879e-06  2.11 0.0370 0.1478 ---

[✓] Interaction results saved → results_psd_agg_lrv_v5_regions/interaction_results.csv


====== PSD+AGG vs PSD-AGG — v7 (LRV corsi_GLT) — regions ======

============================================================
  PSD+AGG vs PSD-AGG  |  fNIRS beta-coefficient analysis
============================================================
  Input : lrv-pcon_v7_allregions.csv
  Groups: PSD+AGG (n=77)  vs  PSD-AGG (n=66)
  Covariates : sans, saps, wais_matrix, sud, dose
  Targets    : 4  (Left dlPFC, Left mPFC, Right mPFC, Right dlPFC)
  Alpha (FDR): 0.05
============================================================

── Descriptive statistics (covariates) ──
          sans         saps        wais_matrix         sud         dose       
          mean    std  mean    std        mean   std  mean   std   mean    std
group                                                                         
PSD+AGG  24.03  12.26  7.70  10.30        7.69  3.27  0.73  0.45  13.88  11.54
PSD-AGG  20.23  12.83  9.91  13.44        9.41  4.12  0.29  0.46   8.36   8.19


── Permutation tests  (5,000 perms, n=143 complete cases) ──
  [info] Cluster-based permutation SKIPPED (--no-cluster). Cluster columns will be NaN in the output.

── Per-channel results (ANCOVA — all corrections) ──
    channel  n_pos  n_neg       beta  p_raw  p_FDR sig_FDR p_Hoch sig_Hoch p_Homm sig_Homm p_Pmax sig_Pmax p_Clust sig_Clust cohens_d
 left_dlpfc     77     66 -8.147e-06 0.2531 0.6173     --- 0.7117      --- 0.7036      --- 0.6364      ---      NA       ---   -0.153
  left_mpfc     77     66 -4.298e-06 0.4691 0.6254     --- 0.7117      --- 0.7117      --- 0.8948      ---      NA       ---   -0.108
 right_mpfc     77     66  1.834e-06 0.7117 0.7117     --- 0.7117      --- 0.7117      --- 0.9924      ---      NA       ---    0.058
right_dlpfc     77     66 -5.304e-06 0.3087 0.6173     --- 0.7117      --- 0.7036      --- 0.7294      ---      NA       ---   -0.129

── Per-channel results (Mann-Whitney — all three corrections) ──
    channel  p_raw p_FDR-BH sig_FDR p_Hochberg sig_Hoch p_Hommel sig_Homm   rb_r
 left_dlpfc 0.5735   0.9060     ---     0.9371      ---   0.9371      ---  0.055
  left_mpfc 0.2352   0.9060     ---     0.9371      ---   0.9060      ---  0.116
 right_mpfc 0.9371   0.9371     ---     0.9371      ---   0.9371      --- -0.008
right_dlpfc 0.6795   0.9060     ---     0.9371      ---   0.9371      ---  0.040

[✓] Results saved → results_psd_agg_lrv_v7_regions/results_psd_agg_vs_psd_nagg.csv
[✓] Figures saved → results_psd_agg_lrv_v7_regions/figures/

── Interaction analysis: PSD+AGG vs PSD-AGG ──
   Model : channel ~ C(group) × (sans + saps + wais_matrix + sud + dose)
   FDR-BH correction across 4 targets per interaction term

  group × SANS  
    channel      beta    t  p_raw  p_FDR sig
 left_dlpfc 1.031e-06 2.04 0.0434 0.1735 ---
  left_mpfc 1.398e-07 0.33 0.7443 0.7443 ---
 right_mpfc 3.089e-07 0.86 0.3925 0.5233 ---
right_dlpfc 4.319e-07 1.16 0.2501 0.5002 ---

  group × SAPS  
    channel      beta    t  p_raw  p_FDR sig
 left_dlpfc 1.877e-07 0.33 0.7392 0.7392 ---
  left_mpfc 7.353e-07 1.54 0.1250 0.5000 ---
 right_mpfc 1.694e-07 0.42 0.6733 0.7392 ---
right_dlpfc 4.376e-07 1.05 0.2950 0.5901 ---

  group × WAIS_MATRIX  
    channel       beta     t  p_raw  p_FDR sig
 left_dlpfc -9.490e-07 -0.54 0.5877 0.6111 ---
  left_mpfc -1.327e-06 -0.90 0.3711 0.6111 ---
 right_mpfc -6.340e-07 -0.51 0.6111 0.6111 ---
right_dlpfc  1.051e-06  0.81 0.4174 0.6111 ---

  group × SUD  
    channel       beta     t  p_raw  p_FDR sig
 left_dlpfc  1.704e-05  1.24 0.2187 0.6124 ---
  left_mpfc  5.112e-07  0.04 0.9651 0.9651 ---
 right_mpfc -6.650e-06 -0.68 0.4994 0.6659 ---
right_dlpfc  1.048e-05  1.03 0.3062 0.6124 ---

  group × DOSE  
    channel       beta     t  p_raw  p_FDR sig
 left_dlpfc -1.503e-06 -2.09 0.0387 0.1546 ---
  left_mpfc -5.002e-07 -0.82 0.4131 0.7333 ---
 right_mpfc  1.751e-07  0.34 0.7333 0.7333 ---
right_dlpfc  2.473e-07  0.46 0.6430 0.7333 ---

[✓] Interaction results saved → results_psd_agg_lrv_v7_regions/interaction_results.csv


====== PSD-AGG vs HC — v5 (pcon hard-easy) — regions ======

============================================================
  PSD-AGG vs HC  |  fNIRS beta-coefficient analysis
============================================================
  Input : pcon-con_v5_allregions.csv
  Groups: PSD-AGG (n=66)  vs  HC (n=85)
  Covariates : sans, saps, wais_matrix, sud
  Targets    : 4  (Left dlPFC, Left mPFC, Right mPFC, Right dlPFC)
  Alpha (FDR): 0.05
============================================================

── Descriptive statistics (covariates) ──
          sans         saps        wais_matrix         sud      
          mean    std  mean    std        mean   std  mean   std
group                                                           
HC        3.05   3.73  0.60   2.34       11.91  2.92  0.06  0.24
PSD-AGG  20.23  12.83  9.91  13.44        9.41  4.12  0.29  0.46


── Permutation tests  (5,000 perms, n=151 complete cases) ──
  [info] Cluster-based permutation SKIPPED (--no-cluster). Cluster columns will be NaN in the output.

── Per-channel results (ANCOVA — all corrections) ──
    channel  n_pos  n_neg       beta  p_raw  p_FDR sig_FDR p_Hoch sig_Hoch p_Homm sig_Homm p_Pmax sig_Pmax p_Clust sig_Clust cohens_d
 left_dlpfc     66     85 -2.315e-05 0.0298 0.0596     --- 0.0894      --- 0.0894      --- 0.0872      ---      NA       ---   -0.184
  left_mpfc     66     85 -9.345e-06 0.3214 0.3214     --- 0.3214      --- 0.3214      --- 0.6860      ---      NA       ---   -0.118
 right_mpfc     66     85 -1.213e-05 0.2476 0.3214     --- 0.3214      --- 0.3214      --- 0.5640      ---      NA       ---   -0.138
right_dlpfc     66     85 -2.552e-05 0.0197 0.0596     --- 0.0788      --- 0.0596      --- 0.0594      ---      NA       ---   -0.136

── Per-channel results (Mann-Whitney — all three corrections) ──
    channel  p_raw p_FDR-BH sig_FDR p_Hochberg sig_Hoch p_Hommel sig_Homm  rb_r
 left_dlpfc 0.4841   0.9357     ---     0.9357      ---   0.9357      --- 0.067
  left_mpfc 0.9357   0.9357     ---     0.9357      ---   0.9357      --- 0.008
 right_mpfc 0.7684   0.9357     ---     0.9357      ---   0.9357      --- 0.028
right_dlpfc 0.6364   0.9357     ---     0.9357      ---   0.9357      --- 0.045

[✓] Results saved → results_psd_nagg_vs_hc_pcon_v5_regions/results_psd_agg_vs_psd_nagg.csv
[✓] Figures saved → results_psd_nagg_vs_hc_pcon_v5_regions/figures/

── Interaction analysis: PSD-AGG vs HC ──
   Model : channel ~ C(group) × (sans + saps + wais_matrix + sud)
   FDR-BH correction across 4 targets per interaction term

  group × SANS  
    channel       beta     t  p_raw  p_FDR sig
 left_dlpfc  1.284e-06  0.93 0.3561 0.9892 ---
  left_mpfc  1.684e-08  0.01 0.9892 0.9892 ---
 right_mpfc  3.403e-07  0.25 0.8057 0.9892 ---
right_dlpfc -4.994e-07 -0.35 0.7276 0.9892 ---

  group × SAPS  
    channel       beta     t  p_raw  p_FDR sig
 left_dlpfc -2.960e-07 -0.14 0.8884 0.9453 ---
  left_mpfc  1.296e-07  0.07 0.9453 0.9453 ---
 right_mpfc  4.585e-07  0.22 0.8272 0.9453 ---
right_dlpfc  1.818e-07  0.08 0.9335 0.9453 ---

  group × WAIS_MATRIX  
    channel       beta     t  p_raw  p_FDR sig
 left_dlpfc -1.798e-06 -0.80 0.4231 0.9031 ---
  left_mpfc -2.444e-07 -0.12 0.9031 0.9031 ---
 right_mpfc  1.286e-06  0.58 0.5649 0.9031 ---
right_dlpfc -5.564e-07 -0.24 0.8100 0.9031 ---

  group × SUD  
    channel      beta    t  p_raw  p_FDR sig
 left_dlpfc 5.951e-06 0.25 0.8034 0.8530 ---
  left_mpfc 1.385e-05 0.65 0.5178 0.8530 ---
 right_mpfc 4.410e-06 0.19 0.8530 0.8530 ---
right_dlpfc 5.845e-06 0.24 0.8127 0.8530 ---

[✓] Interaction results saved → results_psd_nagg_vs_hc_pcon_v5_regions/interaction_results.csv


====== PSD-AGG vs HC — v7 (pcon corsi_GLT) — regions ======

============================================================
  PSD-AGG vs HC  |  fNIRS beta-coefficient analysis
============================================================
  Input : pcon-con_v7_allregions.csv
  Groups: PSD-AGG (n=66)  vs  HC (n=85)
  Covariates : sans, saps, wais_matrix, sud
  Targets    : 4  (Left dlPFC, Left mPFC, Right mPFC, Right dlPFC)
  Alpha (FDR): 0.05
============================================================

── Descriptive statistics (covariates) ──
          sans         saps        wais_matrix         sud      
          mean    std  mean    std        mean   std  mean   std
group                                                           
HC        3.05   3.73  0.60   2.34       11.91  2.92  0.06  0.24
PSD-AGG  20.23  12.83  9.91  13.44        9.41  4.12  0.29  0.46


── Permutation tests  (5,000 perms, n=151 complete cases) ──
  [info] Cluster-based permutation SKIPPED (--no-cluster). Cluster columns will be NaN in the output.

── Per-channel results (ANCOVA — all corrections) ──
    channel  n_pos  n_neg       beta  p_raw  p_FDR sig_FDR p_Hoch sig_Hoch p_Homm sig_Homm p_Pmax sig_Pmax p_Clust sig_Clust cohens_d
 left_dlpfc     66     85  2.052e-06 0.7804 0.7804     --- 0.7804      --- 0.7804      --- 0.9928      ---      NA       ---   -0.044
  left_mpfc     66     85 -2.331e-06 0.7122 0.7804     --- 0.7804      --- 0.7804      --- 0.9822      ---      NA       ---   -0.160
 right_mpfc     66     85 -2.786e-06 0.6794 0.7804     --- 0.7804      --- 0.7804      --- 0.9770      ---      NA       ---   -0.242
right_dlpfc     66     85  2.987e-06 0.6434 0.7804     --- 0.7804      --- 0.7804      --- 0.9668      ---      NA       ---    0.103

── Per-channel results (Mann-Whitney — all three corrections) ──
    channel  p_raw p_FDR-BH sig_FDR p_Hochberg sig_Hoch p_Hommel sig_Homm   rb_r
 left_dlpfc 0.7684   0.7684     ---     0.7684      ---   0.7684      ---  0.028
  left_mpfc 0.5150   0.7682     ---     0.7684      ---   0.7684      ---  0.062
 right_mpfc 0.2456   0.7682     ---     0.7684      ---   0.7682      ---  0.111
right_dlpfc 0.5762   0.7682     ---     0.7684      ---   0.7684      --- -0.053

[✓] Results saved → results_psd_nagg_vs_hc_pcon_v7_regions/results_psd_agg_vs_psd_nagg.csv
[✓] Figures saved → results_psd_nagg_vs_hc_pcon_v7_regions/figures/

── Interaction analysis: PSD-AGG vs HC ──
   Model : channel ~ C(group) × (sans + saps + wais_matrix + sud)
   FDR-BH correction across 4 targets per interaction term

  group × SANS  ← significant channels found
    channel       beta     t  p_raw  p_FDR   sig
 left_dlpfc  4.169e-07  0.43 0.6679 0.7724   ---
  left_mpfc  2.143e-06  2.64 0.0091 0.0365 YES ✓
 right_mpfc  1.530e-06  1.74 0.0834 0.1669   ---
right_dlpfc -2.450e-07 -0.29 0.7724 0.7724   ---

  group × SAPS  
    channel      beta    t  p_raw  p_FDR sig
 left_dlpfc 5.199e-07 0.35 0.7246 0.7246 ---
  left_mpfc 1.137e-06 0.92 0.3572 0.4763 ---
 right_mpfc 1.451e-06 1.09 0.2780 0.4763 ---
right_dlpfc 1.502e-06 1.17 0.2439 0.4763 ---

  group × WAIS_MATRIX  
    channel       beta     t  p_raw  p_FDR sig
 left_dlpfc -5.881e-07 -0.38 0.7078 0.7078 ---
  left_mpfc  1.615e-06  1.23 0.2192 0.6984 ---
 right_mpfc  6.444e-07  0.45 0.6500 0.7078 ---
right_dlpfc -1.282e-06 -0.94 0.3492 0.6984 ---

  group × SUD  
    channel      beta    t  p_raw  p_FDR sig
 left_dlpfc 6.395e-06 0.38 0.7022 0.9948 ---
  left_mpfc 1.011e-05 0.72 0.4698 0.9948 ---
 right_mpfc 4.027e-06 0.27 0.7901 0.9948 ---
right_dlpfc 9.534e-08 0.01 0.9948 0.9948 ---

[✓] Interaction results saved → results_psd_nagg_vs_hc_pcon_v7_regions/interaction_results.csv

